ARM Linker, 5.02 [Build 28] [MDK-ARM Standard]

==============================================================================

Section Cross References

    system_stm32f10x.o(.text) refers to system_stm32f10x.o(.data) for SystemCoreClock
    stm32f10x_gpio.o(.text) refers to stm32f10x_rcc.o(.text) for RCC_APB2PeriphResetCmd
    stm32f10x_rcc.o(.text) refers to stm32f10x_rcc.o(.data) for APBAHBPrescTable
    stm32f10x_spi.o(.text) refers to stm32f10x_rcc.o(.text) for RCC_APB2PeriphResetCmd
    stm32f10x_usart.o(.text) refers to stm32f10x_rcc.o(.text) for RCC_APB2PeriphResetCmd
    stm32f10x_adc.o(.text) refers to stm32f10x_rcc.o(.text) for RCC_APB2PeriphResetCmd
    stm32f10x_tim.o(.text) refers to stm32f10x_rcc.o(.text) for RCC_APB2PeriphResetCmd
    startup_stm32f10x_cl.o(STACK) refers (Special) to heapauxi.o(.text) for __use_two_region_memory
    startup_stm32f10x_cl.o(HEAP) refers (Special) to heapauxi.o(.text) for __use_two_region_memory
    startup_stm32f10x_cl.o(RESET) refers (Special) to heapauxi.o(.text) for __use_two_region_memory
    startup_stm32f10x_cl.o(RESET) refers to startup_stm32f10x_cl.o(STACK) for __initial_sp
    startup_stm32f10x_cl.o(RESET) refers to startup_stm32f10x_cl.o(.text) for Reset_Handler
    startup_stm32f10x_cl.o(RESET) refers to stm32f10x_it.o(.text) for NMI_Handler
    startup_stm32f10x_cl.o(RESET) refers to play.o(.text) for SysTick_Handler
    startup_stm32f10x_cl.o(.text) refers (Special) to heapauxi.o(.text) for __use_two_region_memory
    startup_stm32f10x_cl.o(.text) refers to system_stm32f10x.o(.text) for SystemInit
    startup_stm32f10x_cl.o(.text) refers to __main.o(!!!main) for __main
    startup_stm32f10x_cl.o(.text) refers to startup_stm32f10x_cl.o(HEAP) for Heap_Mem
    startup_stm32f10x_cl.o(.text) refers to startup_stm32f10x_cl.o(STACK) for Stack_Mem
    main.o(.text) refers to stm32f10x_gpio.o(.text) for GPIO_ReadInputDataBit
    main.o(.text) refers to touch.o(.text) for Read_ADS
    main.o(.text) refers to lcd.o(.text) for LCD_ShowString
    main.o(.text) refers to file.o(.text) for ini_FAT
    main.o(.text) refers to touch.o(.data) for touchy
    main.o(.text) refers to lcd.o(.data) for POINT_COLOR
    main.o(.text) refers to main.o(.data) for point
    main.o(.text) refers to main.o(.bss) for filedata
    main.o(.text) refers to play.o(.text) for play_midi
    main.o(.text) refers to vs.o(.text) for Load_VS_Load_FlacPatch
    main.o(.text) refers to ini.o(.text) for sys_ini
    main.o(.text) refers to mmc_sd.o(.text) for SD_Init
    main.o(.text) refers to pwm.o(.text) for pwm1_ini
    mmc_sd.o(.text) refers to stm32f10x_rcc.o(.text) for RCC_APB2PeriphClockCmd
    mmc_sd.o(.text) refers to stm32f10x_spi.o(.text) for SPI_Init
    mmc_sd.o(.text) refers to stm32f10x_gpio.o(.text) for GPIO_SetBits
    mmc_sd.o(.text) refers to mmc_sd.o(.data) for SD_Type
    vs.o(.text) refers to stm32f10x_rcc.o(.text) for RCC_APB1PeriphClockCmd
    vs.o(.text) refers to stm32f10x_spi.o(.text) for SPI_Cmd
    vs.o(.text) refers to stm32f10x_gpio.o(.text) for GPIO_SetBits
    vs.o(.text) refers to vs.o(.data) for vol
    touch.o(.text) refers to stm32f10x_gpio.o(.text) for GPIO_SetBits
    ini.o(.text) refers to stm32f10x_rcc.o(.text) for RCC_DeInit
    ini.o(.text) refers to stm32f10x_gpio.o(.text) for GPIO_PinRemapConfig
    ini.o(.text) refers to stm32f10x_usart.o(.text) for USART_Init
    ini.o(.text) refers to stm32f10x_adc.o(.text) for ADC_DeInit
    lcd.o(.text) refers to stm32f10x_gpio.o(.text) for GPIO_Write
    lcd.o(.text) refers to lcd.o(.data) for POINT_COLOR
    lcd.o(.text) refers to fmul.o(x$fpl$fmul) for __aeabi_fmul
    lcd.o(.text) refers to ffix.o(x$fpl$ffix) for __aeabi_f2iz
    lcd.o(.text) refers to fdiv.o(x$fpl$fdiv) for __aeabi_fdiv
    lcd.o(.text) refers to ffixu.o(x$fpl$ffixu) for __aeabi_f2uiz
    lcd.o(.text) refers to mmc_sd.o(.text) for SD_ReadSingleBlock
    lcd.o(.text) refers to lcd.o(.bss) for string
    play.o(.text) refers to stm32f10x_gpio.o(.text) for GPIO_ResetBits
    play.o(.text) refers to stm32f10x_tim.o(.text) for TIM_SetCompare3
    play.o(.text) refers to stm32f10x_exti.o(.text) for EXTI_DeInit
    play.o(.text) refers to misc.o(.text) for NVIC_Init
    play.o(.text) refers to touch.o(.text) for Read_ADS
    play.o(.text) refers to lcd.o(.text) for LCD_ShowString
    play.o(.text) refers to vs.o(.text) for command_write
    play.o(.text) refers to play.o(.data) for flag_wav
    play.o(.text) refers to play.o(.bss) for SD_DATA1
    play.o(.text) refers to touch.o(.data) for touchy
    play.o(.text) refers to lcd.o(.data) for POINT_COLOR
    play.o(.text) refers to vs.o(.data) for vol
    play.o(.text) refers to mmc_sd.o(.text) for SD_ReadSingleBlock
    play.o(.text) refers to dflt_clz.o(x$fpl$dflt) for __aeabi_i2d
    play.o(.text) refers to ddiv.o(x$fpl$ddiv) for __aeabi_ddiv
    play.o(.text) refers to dmul.o(x$fpl$dmul) for __aeabi_dmul
    play.o(.text) refers to daddsub_clz.o(x$fpl$dadd) for __aeabi_dadd
[...]
    defsig_segv_inner.o(.text) refers to defsig_general.o(.text) for __default_signal_display
    defsig_other.o(.text) refers to defsig_general.o(.text) for __default_signal_display


==============================================================================

Removing Unused input sections from the image.

    Removing core_cm3.o(.emb_text), (32 bytes).
    Removing ds18b.o(.text), (448 bytes).

2 unused section(s) (total 480 bytes) removed from the image.

==============================================================================

Image Symbol Table

    Local Symbols

    Symbol Name                              Value     Ov Type        Size  Object(Section)

    ../clib/angel/boardlib.s                 0x00000000   Number         0  boardinit1.o ABSOLUTE
    ../clib/angel/boardlib.s                 0x00000000   Number         0  boardshut.o ABSOLUTE
    ../clib/angel/boardlib.s                 0x00000000   Number         0  boardinit2.o ABSOLUTE
    ../clib/angel/boardlib.s                 0x00000000   Number         0  boardinit3.o ABSOLUTE
    ../clib/angel/dclz77c.s                  0x00000000   Number         0  __dclz77c.o ABSOLUTE
    ../clib/angel/handlers.s                 0x00000000   Number         0  __scatter_zi.o ABSOLUTE
    ../clib/angel/kernel.s                   0x00000000   Number         0  rtentry.o ABSOLUTE
    ../clib/angel/kernel.s                   0x00000000   Number         0  rtentry4.o ABSOLUTE
    ../clib/angel/kernel.s                   0x00000000   Number         0  rtentry2.o ABSOLUTE
    ../clib/angel/kernel.s                   0x00000000   Number         0  rtexit.o ABSOLUTE
    ../clib/angel/kernel.s                   0x00000000   Number         0  rtexit2.o ABSOLUTE
    ../clib/angel/rt.s                       0x00000000   Number         0  rt_raise.o ABSOLUTE
    ../clib/angel/scatter.s                  0x00000000   Number         0  __scatter.o ABSOLUTE
    ../clib/angel/startup.s                  0x00000000   Number         0  __main.o ABSOLUTE
    ../clib/angel/sys.s                      0x00000000   Number         0  sys_stackheap_outer.o ABSOLUTE
    ../clib/angel/sys.s                      0x00000000   Number         0  use_no_semi.o ABSOLUTE
    ../clib/angel/sys.s                      0x00000000   Number         0  indicate_semi.o ABSOLUTE
    ../clib/angel/sys.s                      0x00000000   Number         0  libspace.o ABSOLUTE
    ../clib/angel/sysapp.c                   0x00000000   Number         0  sys_exit.o ABSOLUTE
    ../clib/angel/sysapp.c                   0x00000000   Number         0  sys_command.o ABSOLUTE
    ../clib/angel/sysapp.c                   0x00000000   Number         0  sys_wrch.o ABSOLUTE
    ../clib/armsys.c                         0x00000000   Number         0  _get_argv_nomalloc.o ABSOLUTE
    ../clib/armsys.c                         0x00000000   Number         0  no_argv.o ABSOLUTE
    ../clib/armsys.c                         0x00000000   Number         0  argv_veneer.o ABSOLUTE
    ../clib/armsys.c                         0x00000000   Number         0  argv_veneer.o ABSOLUTE
    ../clib/heapalloc.c                      0x00000000   Number         0  hrguard.o ABSOLUTE
    ../clib/heapaux.c                        0x00000000   Number         0  heapauxi.o ABSOLUTE
    ../clib/libinit.s                        0x00000000   Number         0  libshutdown.o ABSOLUTE
    ../clib/libinit.s                        0x00000000   Number         0  libinit.o ABSOLUTE
    ../clib/libinit.s                        0x00000000   Number         0  libinit2.o ABSOLUTE
    ../clib/libinit.s                        0x00000000   Number         0  libshutdown2.o ABSOLUTE
    ../clib/signal.c                         0x00000000   Number         0  __raise.o ABSOLUTE
    ../clib/signal.c                         0x00000000   Number         0  defsig_rtmem_inner.o ABSOLUTE
    ../clib/signal.c                         0x00000000   Number         0  defsig_exit.o ABSOLUTE
    ../clib/signal.c                         0x00000000   Number         0  defsig_fpe_inner.o ABSOLUTE
    ../clib/signal.c                         0x00000000   Number         0  defsig_rtmem_formal.o ABSOLUTE
    ../clib/signal.c                         0x00000000   Number         0  defsig_segv_inner.o ABSOLUTE
    ../clib/signal.c                         0x00000000   Number         0  defsig_stak_inner.o ABSOLUTE
    ../clib/signal.c                         0x00000000   Number         0  defsig_abrt_inner.o ABSOLUTE
    ../clib/signal.c                         0x00000000   Number         0  defsig_other.o ABSOLUTE
    ../clib/signal.c                         0x00000000   Number         0  defsig_cppl_inner.o ABSOLUTE
    ../clib/signal.c                         0x00000000   Number         0  defsig_pvfn_inner.o ABSOLUTE
    ../clib/signal.c                         0x00000000   Number         0  defsig_rtred_inner.o ABSOLUTE
    ../clib/signal.c                         0x00000000   Number         0  defsig_general.o ABSOLUTE
    ../clib/signal.c                         0x00000000   Number         0  defsig_rtmem_outer.o ABSOLUTE
    ../clib/signal.s                         0x00000000   Number         0  defsig.o ABSOLUTE
    ../clib/stdlib.c                         0x00000000   Number         0  exit.o ABSOLUTE
    ../fplib/d2f.s                           0x00000000   Number         0  d2f.o ABSOLUTE
    ../fplib/daddsub.s                       0x00000000   Number         0  daddsub_clz.o ABSOLUTE
    ../fplib/ddiv.s                          0x00000000   Number         0  ddiv.o ABSOLUTE
    ../fplib/dfixu.s                         0x00000000   Number         0  dfixu.o ABSOLUTE
    ../fplib/dflt.s                          0x00000000   Number         0  dflt_clz.o ABSOLUTE
    ../fplib/dmul.s                          0x00000000   Number         0  dmul.o ABSOLUTE
    ../fplib/dnaninf.s                       0x00000000   Number         0  dnaninf.o ABSOLUTE
    ../fplib/dretinf.s                       0x00000000   Number         0  dretinf.o ABSOLUTE
    ../fplib/fdiv.s                          0x00000000   Number         0  fdiv.o ABSOLUTE
    ../fplib/ffix.s                          0x00000000   Number         0  ffix.o ABSOLUTE
    ../fplib/ffixu.s                         0x00000000   Number         0  ffixu.o ABSOLUTE
    ../fplib/fmul.s                          0x00000000   Number         0  fmul.o ABSOLUTE
    ../fplib/fnaninf.s                       0x00000000   Number         0  fnaninf.o ABSOLUTE
    ../fplib/fpinit.s                        0x00000000   Number         0  fpinit.o ABSOLUTE
    ../fplib/fretinf.s                       0x00000000   Number         0  fretinf.o ABSOLUTE
    ../fplib/usenofp.s                       0x00000000   Number         0  usenofp.o ABSOLUTE
    ..\CMSIS\CM3\CoreSupport\core_cm3.c      0x00000000   Number         0  core_cm3.o ABSOLUTE
    ..\CMSIS\CM3\DeviceSupport\ST\STM32F10x\system_stm32f10x.c 0x00000000   Number         0  system_stm32f10x.o ABSOLUTE
    ..\Libraries\src\misc.c                  0x00000000   Number         0  misc.o ABSOLUTE
    ..\Libraries\src\stm32f10x_adc.c         0x00000000   Number         0  stm32f10x_adc.o ABSOLUTE
    ..\Libraries\src\stm32f10x_exti.c        0x00000000   Number         0  stm32f10x_exti.o ABSOLUTE
    ..\Libraries\src\stm32f10x_gpio.c        0x00000000   Number         0  stm32f10x_gpio.o ABSOLUTE
    ..\Libraries\src\stm32f10x_rcc.c         0x00000000   Number         0  stm32f10x_rcc.o ABSOLUTE
    ..\Libraries\src\stm32f10x_spi.c         0x00000000   Number         0  stm32f10x_spi.o ABSOLUTE
    ..\Libraries\src\stm32f10x_tim.c         0x00000000   Number         0  stm32f10x_tim.o ABSOLUTE
    ..\Libraries\src\stm32f10x_usart.c       0x00000000   Number         0  stm32f10x_usart.o ABSOLUTE
    ..\Startup\startup_stm32f10x_cl.s        0x00000000   Number         0  startup_stm32f10x_cl.o ABSOLUTE
    ..\\CMSIS\\CM3\\CoreSupport\\core_cm3.c  0x00000000   Number         0  core_cm3.o ABSOLUTE
    ..\code\LCD.c                            0x00000000   Number         0  lcd.o ABSOLUTE
    ..\code\VS.c                             0x00000000   Number         0  vs.o ABSOLUTE
    ..\code\ds18b.c                          0x00000000   Number         0  ds18b.o ABSOLUTE
    ..\code\file.c                           0x00000000   Number         0  file.o ABSOLUTE
    ..\code\ini.c                            0x00000000   Number         0  ini.o ABSOLUTE
    ..\code\main.c                           0x00000000   Number         0  main.o ABSOLUTE
    ..\code\mmc_sd.c                         0x00000000   Number         0  mmc_sd.o ABSOLUTE
    ..\code\play.c                           0x00000000   Number         0  play.o ABSOLUTE
    ..\code\pwm.c                            0x00000000   Number         0  pwm.o ABSOLUTE
    ..\code\stm32f10x_it.c                   0x00000000   Number         0  stm32f10x_it.o ABSOLUTE
    ..\code\touch.c                          0x00000000   Number         0  touch.o ABSOLUTE
    dc.s                                     0x00000000   Number         0  dc.o ABSOLUTE
    RESET                                    0x08000000   Section      336  startup_stm32f10x_cl.o(RESET)
    !!!main                                  0x08000150   Section        8  __main.o(!!!main)
    !!!scatter                               0x08000158   Section       52  __scatter.o(!!!scatter)
    !!dclz77c                                0x0800018c   Section      100  __dclz77c.o(!!dclz77c)
    !!handler_zi                             0x080001f0   Section       28  __scatter_zi.o(!!handler_zi)
    .ARM.Collect$$libinit$$00000000          0x0800020c   Section        2  libinit.o(.ARM.Collect$$libinit$$00000000)
    .ARM.Collect$$libinit$$00000002          0x0800020e   Section        0  libinit2.o(.ARM.Collect$$libinit$$00000002)
    .ARM.Collect$$libinit$$00000008          0x0800020e   Section        0  libinit2.o(.ARM.Collect$$libinit$$00000008)
    .ARM.Collect$$libinit$$0000000A          0x0800020e   Section        0  libinit2.o(.ARM.Collect$$libinit$$0000000A)
    .ARM.Collect$$libinit$$0000000C          0x0800020e   Section        0  libinit2.o(.ARM.Collect$$libinit$$0000000C)
    .ARM.Collect$$libinit$$0000000F          0x0800020e   Section        0  libinit2.o(.ARM.Collect$$libinit$$0000000F)
    .ARM.Collect$$libinit$$00000011          0x0800020e   Section        0  libinit2.o(.ARM.Collect$$libinit$$00000011)
    .ARM.Collect$$libinit$$00000013          0x0800020e   Section        0  libinit2.o(.ARM.Collect$$libinit$$00000013)
    .ARM.Collect$$libinit$$00000015          0x0800020e   Section        0  libinit2.o(.ARM.Collect$$libinit$$00000015)
    .ARM.Collect$$libinit$$00000017          0x0800020e   Section        0  libinit2.o(.ARM.Collect$$libinit$$00000017)
    .ARM.Collect$$libinit$$00000019          0x0800020e   Section        0  libinit2.o(.ARM.Collect$$libinit$$00000019)
    .ARM.Collect$$libinit$$0000001B          0x0800020e   Section        0  libinit2.o(.ARM.Collect$$libinit$$0000001B)
    .ARM.Collect$$libinit$$0000001D          0x0800020e   Section        0  libinit2.o(.ARM.Collect$$libinit$$0000001D)
    .ARM.Collect$$libinit$$0000001F          0x0800020e   Section        0  libinit2.o(.ARM.Collect$$libinit$$0000001F)
    .ARM.Collect$$libinit$$00000021          0x0800020e   Section        0  libinit2.o(.ARM.Collect$$libinit$$00000021)
    .ARM.Collect$$libinit$$00000023          0x0800020e   Section        0  libinit2.o(.ARM.Collect$$libinit$$00000023)
    .ARM.Collect$$libinit$$0000002A          0x0800020e   Section        0  libinit2.o(.ARM.Collect$$libinit$$0000002A)
    .ARM.Collect$$libinit$$0000002C          0x0800020e   Section        0  libinit2.o(.ARM.Collect$$libinit$$0000002C)
    .ARM.Collect$$libinit$$0000002E          0x0800020e   Section        0  libinit2.o(.ARM.Collect$$libinit$$0000002E)
    .ARM.Collect$$libinit$$00000030          0x0800020e   Section        0  libinit2.o(.ARM.Collect$$libinit$$00000030)
    .ARM.Collect$$libinit$$00000031          0x0800020e   Section        2  libinit2.o(.ARM.Collect$$libinit$$00000031)
    .ARM.Collect$$libshutdown$$00000000      0x08000210   Section        2  libshutdown.o(.ARM.Collect$$libshutdown$$00000000)
    .ARM.Collect$$libshutdown$$00000003      0x08000212   Section        0  libshutdown2.o(.ARM.Collect$$libshutdown$$00000003)
    .ARM.Collect$$libshutdown$$00000006      0x08000212   Section        0  libshutdown2.o(.ARM.Collect$$libshutdown$$00000006)
    .ARM.Collect$$libshutdown$$00000009      0x08000212   Section        0  libshutdown2.o(.ARM.Collect$$libshutdown$$00000009)
    .ARM.Collect$$libshutdown$$0000000B      0x08000212   Section        0  libshutdown2.o(.ARM.Collect$$libshutdown$$0000000B)
    .ARM.Collect$$libshutdown$$0000000E      0x08000212   Section        0  libshutdown2.o(.ARM.Collect$$libshutdown$$0000000E)
    .ARM.Collect$$libshutdown$$0000000F      0x08000212   Section        2  libshutdown2.o(.ARM.Collect$$libshutdown$$0000000F)
    .ARM.Collect$$rtentry$$00000000          0x08000214   Section        0  rtentry.o(.ARM.Collect$$rtentry$$00000000)
    .ARM.Collect$$rtentry$$00000002          0x08000214   Section        0  rtentry2.o(.ARM.Collect$$rtentry$$00000002)
    .ARM.Collect$$rtentry$$00000004          0x08000214   Section        6  rtentry4.o(.ARM.Collect$$rtentry$$00000004)
    .ARM.Collect$$rtentry$$00000009          0x0800021a   Section        0  rtentry2.o(.ARM.Collect$$rtentry$$00000009)
    .ARM.Collect$$rtentry$$0000000A          0x0800021a   Section        4  rtentry2.o(.ARM.Collect$$rtentry$$0000000A)
    .ARM.Collect$$rtentry$$0000000C          0x0800021e   Section        0  rtentry2.o(.ARM.Collect$$rtentry$$0000000C)
    .ARM.Collect$$rtentry$$0000000D          0x0800021e   Section        8  rtentry2.o(.ARM.Collect$$rtentry$$0000000D)
    .ARM.Collect$$rtexit$$00000000           0x08000226   Section        2  rtexit.o(.ARM.Collect$$rtexit$$00000000)
    .ARM.Collect$$rtexit$$00000002           0x08000228   Section        0  rtexit2.o(.ARM.Collect$$rtexit$$00000002)
    .ARM.Collect$$rtexit$$00000003           0x08000228   Section        4  rtexit2.o(.ARM.Collect$$rtexit$$00000003)
    .ARM.Collect$$rtexit$$00000004           0x0800022c   Section        6  rtexit2.o(.ARM.Collect$$rtexit$$00000004)
    .text                                    0x08000234   Section        0  system_stm32f10x.o(.text)
    SetSysClockTo72                          0x08000235   Thumb Code   240  system_stm32f10x.o(.text)
    SetSysClock                              0x08000325   Thumb Code     8  system_stm32f10x.o(.text)
    .text                                    0x080004a0   Section        0  misc.o(.text)
    .text                                    0x0800057c   Section        0  stm32f10x_gpio.o(.text)
    .text                                    0x080008d4   Section        0  stm32f10x_rcc.o(.text)
    .text                                    0x08000dd0   Section        0  stm32f10x_spi.o(.text)
    .text                                    0x08001124   Section        0  stm32f10x_usart.o(.text)
    .text                                    0x0800152c   Section        0  stm32f10x_adc.o(.text)
    .text                                    0x08001968   Section        0  stm32f10x_exti.o(.text)
    .text                                    0x08001a84   Section        0  stm32f10x_tim.o(.text)
    TI4_Config                               0x08001f2b   Thumb Code   130  stm32f10x_tim.o(.text)
    TI3_Config                               0x08001fbf   Thumb Code   122  stm32f10x_tim.o(.text)
    TI2_Config                               0x08002053   Thumb Code   130  stm32f10x_tim.o(.text)
    TI1_Config                               0x080020e7   Thumb Code   108  stm32f10x_tim.o(.text)
    .text                                    0x080028a0   Section       64  startup_stm32f10x_cl.o(.text)
    .text                                    0x080028e0   Section        0  main.o(.text)
    .text                                    0x08003820   Section        0  mmc_sd.o(.text)
    .text                                    0x08003fa4   Section        0  stm32f10x_it.o(.text)
    .text                                    0x08003fbc   Section        0  vs.o(.text)
    .text                                    0x0800431c   Section        0  touch.o(.text)
    .text                                    0x080044d8   Section        0  ini.o(.text)
    .text                                    0x08004a98   Section        0  lcd.o(.text)
    .text                                    0x080053c0   Section        0  play.o(.text)
    SysTick_Config                           0x080053c1   Thumb Code    76  play.o(.text)
    .text                                    0x08006b60   Section        0  file.o(.text)
    .text                                    0x080070e4   Section        0  pwm.o(.text)
    .text                                    0x080071cc   Section        0  heapauxi.o(.text)
    .text                                    0x080071d2   Section       74  sys_stackheap_outer.o(.text)
    .text                                    0x0800721c   Section        0  exit.o(.text)
    .text                                    0x08007228   Section        8  libspace.o(.text)
    .text                                    0x08007230   Section        0  sys_exit.o(.text)
    .text                                    0x0800723c   Section        2  use_no_semi.o(.text)
    .text                                    0x0800723e   Section        0  indicate_semi.o(.text)
    x$fpl$dadd                               0x08007240   Section      336  daddsub_clz.o(x$fpl$dadd)
    _dadd1                                   0x08007251   Thumb Code     0  daddsub_clz.o(x$fpl$dadd)
    x$fpl$ddiv                               0x08007390   Section      688  ddiv.o(x$fpl$ddiv)
    ddiv_entry                               0x08007397   Thumb Code     0  ddiv.o(x$fpl$ddiv)
    x$fpl$dfixu                              0x08007640   Section       90  dfixu.o(x$fpl$dfixu)
    x$fpl$dflt                               0x0800769a   Section       46  dflt_clz.o(x$fpl$dflt)
    x$fpl$dmul                               0x080076c8   Section      340  dmul.o(x$fpl$dmul)
    x$fpl$dnaninf                            0x0800781c   Section      156  dnaninf.o(x$fpl$dnaninf)
    x$fpl$dretinf                            0x080078b8   Section       12  dretinf.o(x$fpl$dretinf)
    x$fpl$dsub                               0x080078c4   Section      468  daddsub_clz.o(x$fpl$dsub)
    _dsub1                                   0x080078d5   Thumb Code     0  daddsub_clz.o(x$fpl$dsub)
    x$fpl$fdiv                               0x08007a98   Section      388  fdiv.o(x$fpl$fdiv)
    _fdiv1                                   0x08007a99   Thumb Code     0  fdiv.o(x$fpl$fdiv)
    x$fpl$ffix                               0x08007c1c   Section       54  ffix.o(x$fpl$ffix)
    x$fpl$ffixu                              0x08007c54   Section       62  ffixu.o(x$fpl$ffixu)
    x$fpl$fmul                               0x08007c94   Section      258  fmul.o(x$fpl$fmul)
    x$fpl$fnaninf                            0x08007d96   Section      140  fnaninf.o(x$fpl$fnaninf)
    x$fpl$fretinf                            0x08007e22   Section       10  fretinf.o(x$fpl$fretinf)
    x$fpl$usenofp                            0x08007e2c   Section        0  usenofp.o(x$fpl$usenofp)
    .data                                    0x20000000   Section       20  system_stm32f10x.o(.data)
    .data                                    0x20000014   Section       20  stm32f10x_rcc.o(.data)
    APBAHBPrescTable                         0x20000014   Data          16  stm32f10x_rcc.o(.data)
    ADCPrescTable                            0x20000024   Data           4  stm32f10x_rcc.o(.data)
    .data                                    0x20000028   Section      104  main.o(.data)
    .data                                    0x20000090   Section        1  mmc_sd.o(.data)
    .data                                    0x20000094   Section    10870  vs.o(.data)
    .data                                    0x20002b0c   Section        8  touch.o(.data)
    .data                                    0x20002b14   Section     1532  lcd.o(.data)
    .data                                    0x20003110   Section       24  play.o(.data)
    .data                                    0x20003128   Section       48  file.o(.data)
    .bss                                     0x20003158   Section    14336  main.o(.bss)
    .bss                                     0x20006958   Section      512  lcd.o(.bss)
    .bss                                     0x20006b58   Section     1536  play.o(.bss)
    .bss                                     0x20007158   Section     1024  file.o(.bss)
    .bss                                     0x20007558   Section       96  libspace.o(.bss)
    HEAP                                     0x200075b8   Section      512  startup_stm32f10x_cl.o(HEAP)
    Heap_Mem                                 0x200075b8   Data         512  startup_stm32f10x_cl.o(HEAP)
    STACK                                    0x200077b8   Section     1024  startup_stm32f10x_cl.o(STACK)
    Stack_Mem                                0x200077b8   Data        1024  startup_stm32f10x_cl.o(STACK)
    __initial_sp                             0x20007bb8   Data           0  startup_stm32f10x_cl.o(STACK)

    Global Symbols

    Symbol Name                              Value     Ov Type        Size  Object(Section)

    BuildAttributes$$THM_ISAv4$P$D$K$B$S$PE$A:L22UL41UL21$X:L11$S22US41US21$IEEE1$IW$USESV6$~STKCKD$USESV7$~SHL$OSPACE$ROPI$EBA8$UX$STANDARDLIB$REQ8$PRES8$EABIv2 0x00000000   Number         0  anon$$obj.o ABSOLUTE
    __ARM_use_no_argv                        0x00000000   Number         0  main.o ABSOLUTE
    __ARM_exceptions_init                     - Undefined Weak Reference
    __alloca_initialize                       - Undefined Weak Reference
    __cpp_initialize__aeabi_                  - Undefined Weak Reference
    __cxa_finalize                            - Undefined Weak Reference
    __rt_locale                               - Undefined Weak Reference
    __sigvec_lookup                           - Undefined Weak Reference
    _atexit_init                              - Undefined Weak Reference
    _call_atexit_fns                          - Undefined Weak Reference
    _clock_init                               - Undefined Weak Reference
    _fp_trap_init                             - Undefined Weak Reference
    _fp_trap_shutdown                         - Undefined Weak Reference
    _get_lc_collate                           - Undefined Weak Reference
    _get_lc_ctype                             - Undefined Weak Reference
    _get_lc_monetary                          - Undefined Weak Reference
    _get_lc_numeric                           - Undefined Weak Reference
    _get_lc_time                              - Undefined Weak Reference
    _getenv_init                              - Undefined Weak Reference
    _handle_redirection                       - Undefined Weak Reference
    _init_alloc                               - Undefined Weak Reference
    _init_user_alloc                          - Undefined Weak Reference
    _initio                                   - Undefined Weak Reference
    _rand_init                                - Undefined Weak Reference
    _signal_finish                            - Undefined Weak Reference
    _signal_init                              - Undefined Weak Reference
    _terminate_alloc                          - Undefined Weak Reference
    _terminate_user_alloc                     - Undefined Weak Reference
    _terminateio                              - Undefined Weak Reference
    __Vectors_Size                           0x00000150   Number         0  startup_stm32f10x_cl.o ABSOLUTE
    __Vectors                                0x08000000   Data           4  startup_stm32f10x_cl.o(RESET)
    __Vectors_End                            0x08000150   Data           0  startup_stm32f10x_cl.o(RESET)
    __main                                   0x08000151   Thumb Code     8  __main.o(!!!main)
    __scatterload                            0x08000159   Thumb Code     0  __scatter.o(!!!scatter)
    __scatterload_rt2                        0x08000159   Thumb Code    44  __scatter.o(!!!scatter)
    __scatterload_rt2_thumb_only             0x08000159   Thumb Code     0  __scatter.o(!!!scatter)
    __scatterload_null                       0x08000167   Thumb Code     0  __scatter.o(!!!scatter)
    __decompress                             0x0800018d   Thumb Code   100  __dclz77c.o(!!dclz77c)
    __decompress2                            0x0800018d   Thumb Code     0  __dclz77c.o(!!dclz77c)
    __scatterload_zeroinit                   0x080001f1   Thumb Code    28  __scatter_zi.o(!!handler_zi)
    __rt_lib_init                            0x0800020d   Thumb Code     0  libinit.o(.ARM.Collect$$libinit$$00000000)
    __rt_lib_init_alloca_1                   0x0800020f   Thumb Code     0  libinit2.o(.ARM.Collect$$libinit$$0000002C)
    __rt_lib_init_argv_1                     0x0800020f   Thumb Code     0  libinit2.o(.ARM.Collect$$libinit$$0000002A)
    __rt_lib_init_atexit_1                   0x0800020f   Thumb Code     0  libinit2.o(.ARM.Collect$$libinit$$00000019)
    __rt_lib_init_clock_1                    0x0800020f   Thumb Code     0  libinit2.o(.ARM.Collect$$libinit$$0000001F)
    __rt_lib_init_cpp_1                      0x0800020f   Thumb Code     0  libinit2.o(.ARM.Collect$$libinit$$00000030)
    __rt_lib_init_exceptions_1               0x0800020f   Thumb Code     0  libinit2.o(.ARM.Collect$$libinit$$0000002E)
    __rt_lib_init_fp_1                       0x0800020f   Thumb Code     0  libinit2.o(.ARM.Collect$$libinit$$00000002)
    __rt_lib_init_fp_trap_1                  0x0800020f   Thumb Code     0  libinit2.o(.ARM.Collect$$libinit$$0000001D)
    __rt_lib_init_getenv_1                   0x0800020f   Thumb Code     0  libinit2.o(.ARM.Collect$$libinit$$00000021)
    __rt_lib_init_heap_1                     0x0800020f   Thumb Code     0  libinit2.o(.ARM.Collect$$libinit$$00000008)
    __rt_lib_init_lc_collate_1               0x0800020f   Thumb Code     0  libinit2.o(.ARM.Collect$$libinit$$0000000F)
    __rt_lib_init_lc_ctype_1                 0x0800020f   Thumb Code     0  libinit2.o(.ARM.Collect$$libinit$$00000011)
    __rt_lib_init_lc_monetary_1              0x0800020f   Thumb Code     0  libinit2.o(.ARM.Collect$$libinit$$00000013)
    __rt_lib_init_lc_numeric_1               0x0800020f   Thumb Code     0  libinit2.o(.ARM.Collect$$libinit$$00000015)
    __rt_lib_init_lc_time_1                  0x0800020f   Thumb Code     0  libinit2.o(.ARM.Collect$$libinit$$00000017)
    __rt_lib_init_rand_1                     0x0800020f   Thumb Code     0  libinit2.o(.ARM.Collect$$libinit$$0000000C)
    __rt_lib_init_return                     0x0800020f   Thumb Code     0  libinit2.o(.ARM.Collect$$libinit$$00000031)
    __rt_lib_init_signal_1                   0x0800020f   Thumb Code     0  libinit2.o(.ARM.Collect$$libinit$$0000001B)
    __rt_lib_init_stdio_1                    0x0800020f   Thumb Code     0  libinit2.o(.ARM.Collect$$libinit$$00000023)
    __rt_lib_init_user_alloc_1               0x0800020f   Thumb Code     0  libinit2.o(.ARM.Collect$$libinit$$0000000A)
    __rt_lib_shutdown                        0x08000211   Thumb Code     0  libshutdown.o(.ARM.Collect$$libshutdown$$00000000)
    __rt_lib_shutdown_fp_trap_1              0x08000213   Thumb Code     0  libshutdown2.o(.ARM.Collect$$libshutdown$$00000006)
    __rt_lib_shutdown_heap_1                 0x08000213   Thumb Code     0  libshutdown2.o(.ARM.Collect$$libshutdown$$0000000E)
    __rt_lib_shutdown_return                 0x08000213   Thumb Code     0  libshutdown2.o(.ARM.Collect$$libshutdown$$0000000F)
    __rt_lib_shutdown_signal_1               0x08000213   Thumb Code     0  libshutdown2.o(.ARM.Collect$$libshutdown$$00000009)
    __rt_lib_shutdown_stdio_1                0x08000213   Thumb Code     0  libshutdown2.o(.ARM.Collect$$libshutdown$$00000003)
    __rt_lib_shutdown_user_alloc_1           0x08000213   Thumb Code     0  libshutdown2.o(.ARM.Collect$$libshutdown$$0000000B)
    __rt_entry                               0x08000215   Thumb Code     0  rtentry.o(.ARM.Collect$$rtentry$$00000000)
    __rt_entry_presh_1                       0x08000215   Thumb Code     0  rtentry2.o(.ARM.Collect$$rtentry$$00000002)
    __rt_entry_sh                            0x08000215   Thumb Code     0  rtentry4.o(.ARM.Collect$$rtentry$$00000004)
    __rt_entry_li                            0x0800021b   Thumb Code     0  rtentry2.o(.ARM.Collect$$rtentry$$0000000A)
    __rt_entry_postsh_1                      0x0800021b   Thumb Code     0  rtentry2.o(.ARM.Collect$$rtentry$$00000009)
    __rt_entry_main                          0x0800021f   Thumb Code     0  rtentry2.o(.ARM.Collect$$rtentry$$0000000D)
    __rt_entry_postli_1                      0x0800021f   Thumb Code     0  rtentry2.o(.ARM.Collect$$rtentry$$0000000C)
    __rt_exit                                0x08000227   Thumb Code     0  rtexit.o(.ARM.Collect$$rtexit$$00000000)
    __rt_exit_ls                             0x08000229   Thumb Code     0  rtexit2.o(.ARM.Collect$$rtexit$$00000003)
    __rt_exit_prels_1                        0x08000229   Thumb Code     0  rtexit2.o(.ARM.Collect$$rtexit$$00000002)
    __rt_exit_exit                           0x0800022d   Thumb Code     0  rtexit2.o(.ARM.Collect$$rtexit$$00000004)
    SystemInit                               0x0800032d   Thumb Code    92  system_stm32f10x.o(.text)
    SystemCoreClockUpdate                    0x08000389   Thumb Code   232  system_stm32f10x.o(.text)
    NVIC_PriorityGroupConfig                 0x080004a1   Thumb Code    10  misc.o(.text)
    NVIC_Init                                0x080004ab   Thumb Code   102  misc.o(.text)
    NVIC_SetVectorTable                      0x08000511   Thumb Code    14  misc.o(.text)
    NVIC_SystemLPConfig                      0x0800051f   Thumb Code    34  misc.o(.text)
    SysTick_CLKSourceConfig                  0x08000541   Thumb Code    40  misc.o(.text)
    GPIO_DeInit                              0x0800057d   Thumb Code   172  stm32f10x_gpio.o(.text)
    GPIO_AFIODeInit                          0x08000629   Thumb Code    20  stm32f10x_gpio.o(.text)
    GPIO_Init                                0x0800063d   Thumb Code   274  stm32f10x_gpio.o(.text)
    GPIO_StructInit                          0x0800074f   Thumb Code    16  stm32f10x_gpio.o(.text)
    GPIO_ReadInputDataBit                    0x0800075f   Thumb Code    18  stm32f10x_gpio.o(.text)
    GPIO_ReadInputData                       0x08000771   Thumb Code     8  stm32f10x_gpio.o(.text)
    GPIO_ReadOutputDataBit                   0x08000779   Thumb Code    18  stm32f10x_gpio.o(.text)
    GPIO_ReadOutputData                      0x0800078b   Thumb Code     8  stm32f10x_gpio.o(.text)
    GPIO_SetBits                             0x08000793   Thumb Code     4  stm32f10x_gpio.o(.text)
    GPIO_ResetBits                           0x08000797   Thumb Code     4  stm32f10x_gpio.o(.text)
    GPIO_WriteBit                            0x0800079b   Thumb Code    10  stm32f10x_gpio.o(.text)
    GPIO_Write                               0x080007a5   Thumb Code     4  stm32f10x_gpio.o(.text)
    GPIO_PinLockConfig                       0x080007a9   Thumb Code    18  stm32f10x_gpio.o(.text)
    GPIO_EventOutputConfig                   0x080007bb   Thumb Code    26  stm32f10x_gpio.o(.text)
    GPIO_EventOutputCmd                      0x080007d5   Thumb Code     6  stm32f10x_gpio.o(.text)
    GPIO_PinRemapConfig                      0x080007db   Thumb Code   138  stm32f10x_gpio.o(.text)
    GPIO_EXTILineConfig                      0x08000865   Thumb Code    66  stm32f10x_gpio.o(.text)
    GPIO_ETH_MediaInterfaceConfig            0x080008a7   Thumb Code     6  stm32f10x_gpio.o(.text)
    RCC_DeInit                               0x080008d5   Thumb Code    78  stm32f10x_rcc.o(.text)
    RCC_HSEConfig                            0x08000923   Thumb Code    70  stm32f10x_rcc.o(.text)
    RCC_GetFlagStatus                        0x08000969   Thumb Code    56  stm32f10x_rcc.o(.text)
    RCC_WaitForHSEStartUp                    0x080009a1   Thumb Code    48  stm32f10x_rcc.o(.text)
    RCC_AdjustHSICalibrationValue            0x080009d1   Thumb Code    20  stm32f10x_rcc.o(.text)
    RCC_HSICmd                               0x080009e5   Thumb Code     6  stm32f10x_rcc.o(.text)
    RCC_PLLConfig                            0x080009eb   Thumb Code    24  stm32f10x_rcc.o(.text)
    RCC_PLLCmd                               0x08000a03   Thumb Code     6  stm32f10x_rcc.o(.text)
    RCC_PREDIV1Config                        0x08000a09   Thumb Code    24  stm32f10x_rcc.o(.text)
    RCC_PREDIV2Config                        0x08000a21   Thumb Code    18  stm32f10x_rcc.o(.text)
    RCC_PLL2Config                           0x08000a33   Thumb Code    18  stm32f10x_rcc.o(.text)
    RCC_PLL2Cmd                              0x08000a45   Thumb Code     6  stm32f10x_rcc.o(.text)
    RCC_PLL3Config                           0x08000a4b   Thumb Code    18  stm32f10x_rcc.o(.text)
    RCC_PLL3Cmd                              0x08000a5d   Thumb Code     6  stm32f10x_rcc.o(.text)
    RCC_SYSCLKConfig                         0x08000a63   Thumb Code    18  stm32f10x_rcc.o(.text)
    RCC_GetSYSCLKSource                      0x08000a75   Thumb Code    10  stm32f10x_rcc.o(.text)
    RCC_HCLKConfig                           0x08000a7f   Thumb Code    18  stm32f10x_rcc.o(.text)
    RCC_PCLK1Config                          0x08000a91   Thumb Code    18  stm32f10x_rcc.o(.text)
    RCC_PCLK2Config                          0x08000aa3   Thumb Code    20  stm32f10x_rcc.o(.text)
    RCC_ITConfig                             0x08000ab7   Thumb Code    26  stm32f10x_rcc.o(.text)
    RCC_OTGFSCLKConfig                       0x08000ad1   Thumb Code     6  stm32f10x_rcc.o(.text)
    RCC_ADCCLKConfig                         0x08000ad7   Thumb Code    18  stm32f10x_rcc.o(.text)
    RCC_I2S2CLKConfig                        0x08000ae9   Thumb Code     6  stm32f10x_rcc.o(.text)
    RCC_I2S3CLKConfig                        0x08000aef   Thumb Code     8  stm32f10x_rcc.o(.text)
    RCC_LSEConfig                            0x08000af7   Thumb Code    44  stm32f10x_rcc.o(.text)
    RCC_LSICmd                               0x08000b23   Thumb Code     6  stm32f10x_rcc.o(.text)
    RCC_RTCCLKConfig                         0x08000b29   Thumb Code    12  stm32f10x_rcc.o(.text)
    RCC_RTCCLKCmd                            0x08000b35   Thumb Code     8  stm32f10x_rcc.o(.text)
    RCC_GetClocksFreq                        0x08000b3d   Thumb Code   432  stm32f10x_rcc.o(.text)
    RCC_AHBPeriphClockCmd                    0x08000ced   Thumb Code    26  stm32f10x_rcc.o(.text)
    RCC_APB2PeriphClockCmd                   0x08000d07   Thumb Code    26  stm32f10x_rcc.o(.text)
    RCC_APB1PeriphClockCmd                   0x08000d21   Thumb Code    26  stm32f10x_rcc.o(.text)
    RCC_AHBPeriphResetCmd                    0x08000d3b   Thumb Code    26  stm32f10x_rcc.o(.text)
    RCC_APB2PeriphResetCmd                   0x08000d55   Thumb Code    26  stm32f10x_rcc.o(.text)
    RCC_APB1PeriphResetCmd                   0x08000d6f   Thumb Code    26  stm32f10x_rcc.o(.text)
    RCC_BackupResetCmd                       0x08000d89   Thumb Code     6  stm32f10x_rcc.o(.text)
    RCC_ClockSecuritySystemCmd               0x08000d8f   Thumb Code     6  stm32f10x_rcc.o(.text)
    RCC_MCOConfig                            0x08000d95   Thumb Code     6  stm32f10x_rcc.o(.text)
    RCC_ClearFlag                            0x08000d9b   Thumb Code    14  stm32f10x_rcc.o(.text)
    RCC_GetITStatus                          0x08000da9   Thumb Code    20  stm32f10x_rcc.o(.text)
    RCC_ClearITPendingBit                    0x08000dbd   Thumb Code     6  stm32f10x_rcc.o(.text)
    SPI_I2S_DeInit                           0x08000dd1   Thumb Code    76  stm32f10x_spi.o(.text)
    SPI_Init                                 0x08000e1d   Thumb Code    60  stm32f10x_spi.o(.text)
    I2S_Init                                 0x08000e59   Thumb Code   292  stm32f10x_spi.o(.text)
    SPI_StructInit                           0x08000f7d   Thumb Code    24  stm32f10x_spi.o(.text)
    I2S_StructInit                           0x08000f95   Thumb Code    20  stm32f10x_spi.o(.text)
    SPI_Cmd                                  0x08000fa9   Thumb Code    24  stm32f10x_spi.o(.text)
    I2S_Cmd                                  0x08000fc1   Thumb Code    24  stm32f10x_spi.o(.text)
    SPI_I2S_ITConfig                         0x08000fd9   Thumb Code    32  stm32f10x_spi.o(.text)
    SPI_I2S_DMACmd                           0x08000ff9   Thumb Code    18  stm32f10x_spi.o(.text)
    SPI_I2S_SendData                         0x0800100b   Thumb Code     4  stm32f10x_spi.o(.text)
    SPI_I2S_ReceiveData                      0x0800100f   Thumb Code     6  stm32f10x_spi.o(.text)
    SPI_NSSInternalSoftwareConfig            0x08001015   Thumb Code    30  stm32f10x_spi.o(.text)
    SPI_SSOutputCmd                          0x08001033   Thumb Code    24  stm32f10x_spi.o(.text)
    SPI_DataSizeConfig                       0x0800104b   Thumb Code    18  stm32f10x_spi.o(.text)
    SPI_TransmitCRC                          0x0800105d   Thumb Code    10  stm32f10x_spi.o(.text)
    SPI_CalculateCRC                         0x08001067   Thumb Code    24  stm32f10x_spi.o(.text)
    SPI_GetCRC                               0x0800107f   Thumb Code    16  stm32f10x_spi.o(.text)
    SPI_GetCRCPolynomial                     0x0800108f   Thumb Code     6  stm32f10x_spi.o(.text)
    SPI_BiDirectionalLineConfig              0x08001095   Thumb Code    28  stm32f10x_spi.o(.text)
    SPI_I2S_GetFlagStatus                    0x080010b1   Thumb Code    18  stm32f10x_spi.o(.text)
    SPI_I2S_ClearFlag                        0x080010c3   Thumb Code     6  stm32f10x_spi.o(.text)
    SPI_I2S_GetITStatus                      0x080010c9   Thumb Code    52  stm32f10x_spi.o(.text)
    SPI_I2S_ClearITPendingBit                0x080010fd   Thumb Code    20  stm32f10x_spi.o(.text)
    USART_DeInit                             0x08001125   Thumb Code   134  stm32f10x_usart.o(.text)
    USART_Init                               0x080011ab   Thumb Code   210  stm32f10x_usart.o(.text)
    USART_StructInit                         0x0800127d   Thumb Code    24  stm32f10x_usart.o(.text)
    USART_ClockInit                          0x08001295   Thumb Code    34  stm32f10x_usart.o(.text)
    USART_ClockStructInit                    0x080012b7   Thumb Code    12  stm32f10x_usart.o(.text)
    USART_Cmd                                0x080012c3   Thumb Code    24  stm32f10x_usart.o(.text)
    USART_ITConfig                           0x080012db   Thumb Code    74  stm32f10x_usart.o(.text)
    USART_DMACmd                             0x08001325   Thumb Code    18  stm32f10x_usart.o(.text)
    USART_SetAddress                         0x08001337   Thumb Code    18  stm32f10x_usart.o(.text)
    USART_WakeUpConfig                       0x08001349   Thumb Code    18  stm32f10x_usart.o(.text)
    USART_ReceiverWakeUpCmd                  0x0800135b   Thumb Code    24  stm32f10x_usart.o(.text)
    USART_LINBreakDetectLengthConfig         0x08001373   Thumb Code    18  stm32f10x_usart.o(.text)
    USART_LINCmd                             0x08001385   Thumb Code    24  stm32f10x_usart.o(.text)
    USART_SendData                           0x0800139d   Thumb Code     8  stm32f10x_usart.o(.text)
    USART_ReceiveData                        0x080013a5   Thumb Code    10  stm32f10x_usart.o(.text)
    USART_SendBreak                          0x080013af   Thumb Code    10  stm32f10x_usart.o(.text)
    USART_SetGuardTime                       0x080013b9   Thumb Code    16  stm32f10x_usart.o(.text)
    USART_SetPrescaler                       0x080013c9   Thumb Code    16  stm32f10x_usart.o(.text)
    USART_SmartCardCmd                       0x080013d9   Thumb Code    24  stm32f10x_usart.o(.text)
    USART_SmartCardNACKCmd                   0x080013f1   Thumb Code    24  stm32f10x_usart.o(.text)
    USART_HalfDuplexCmd                      0x08001409   Thumb Code    24  stm32f10x_usart.o(.text)
    USART_OverSampling8Cmd                   0x08001421   Thumb Code    22  stm32f10x_usart.o(.text)
    USART_OneBitMethodCmd                    0x08001437   Thumb Code    24  stm32f10x_usart.o(.text)
    USART_IrDAConfig                         0x0800144f   Thumb Code    18  stm32f10x_usart.o(.text)
    USART_IrDACmd                            0x08001461   Thumb Code    24  stm32f10x_usart.o(.text)
    USART_GetFlagStatus                      0x08001479   Thumb Code    26  stm32f10x_usart.o(.text)
    USART_ClearFlag                          0x08001493   Thumb Code    18  stm32f10x_usart.o(.text)
    USART_GetITStatus                        0x080014a5   Thumb Code    84  stm32f10x_usart.o(.text)
    USART_ClearITPendingBit                  0x080014f9   Thumb Code    52  stm32f10x_usart.o(.text)
    ADC_DeInit                               0x0800152d   Thumb Code    78  stm32f10x_adc.o(.text)
    ADC_Init                                 0x0800157b   Thumb Code    70  stm32f10x_adc.o(.text)
    ADC_StructInit                           0x080015c1   Thumb Code    18  stm32f10x_adc.o(.text)
    ADC_Cmd                                  0x080015d3   Thumb Code    22  stm32f10x_adc.o(.text)
    ADC_DMACmd                               0x080015e9   Thumb Code    22  stm32f10x_adc.o(.text)
    ADC_ITConfig                             0x080015ff   Thumb Code    24  stm32f10x_adc.o(.text)
    ADC_ResetCalibration                     0x08001617   Thumb Code    10  stm32f10x_adc.o(.text)
    ADC_GetResetCalibrationStatus            0x08001621   Thumb Code    20  stm32f10x_adc.o(.text)
    ADC_StartCalibration                     0x08001635   Thumb Code    10  stm32f10x_adc.o(.text)
    ADC_GetCalibrationStatus                 0x0800163f   Thumb Code    20  stm32f10x_adc.o(.text)
    ADC_SoftwareStartConvCmd                 0x08001653   Thumb Code    22  stm32f10x_adc.o(.text)
    ADC_GetSoftwareStartConvStatus           0x08001669   Thumb Code    20  stm32f10x_adc.o(.text)
    ADC_DiscModeChannelCountConfig           0x0800167d   Thumb Code    24  stm32f10x_adc.o(.text)
    ADC_DiscModeCmd                          0x08001695   Thumb Code    22  stm32f10x_adc.o(.text)
    ADC_RegularChannelConfig                 0x080016ab   Thumb Code   184  stm32f10x_adc.o(.text)
    ADC_ExternalTrigConvCmd                  0x08001763   Thumb Code    22  stm32f10x_adc.o(.text)
    ADC_GetConversionValue                   0x08001779   Thumb Code     8  stm32f10x_adc.o(.text)
    ADC_GetDualModeConversionValue           0x08001781   Thumb Code     8  stm32f10x_adc.o(.text)
    ADC_AutoInjectedConvCmd                  0x08001789   Thumb Code    22  stm32f10x_adc.o(.text)
    ADC_InjectedDiscModeCmd                  0x0800179f   Thumb Code    22  stm32f10x_adc.o(.text)
    ADC_ExternalTrigInjectedConvConfig       0x080017b5   Thumb Code    16  stm32f10x_adc.o(.text)
    ADC_ExternalTrigInjectedConvCmd          0x080017c5   Thumb Code    22  stm32f10x_adc.o(.text)
    ADC_SoftwareStartInjectedConvCmd         0x080017db   Thumb Code    22  stm32f10x_adc.o(.text)
    ADC_GetSoftwareStartInjectedConvCmdStatus 0x080017f1   Thumb Code    20  stm32f10x_adc.o(.text)
    ADC_InjectedChannelConfig                0x08001805   Thumb Code   130  stm32f10x_adc.o(.text)
    ADC_InjectedSequencerLengthConfig        0x08001887   Thumb Code    24  stm32f10x_adc.o(.text)
    ADC_SetInjectedOffset                    0x0800189f   Thumb Code    12  stm32f10x_adc.o(.text)
    ADC_GetInjectedConversionValue           0x080018ab   Thumb Code    18  stm32f10x_adc.o(.text)
    ADC_AnalogWatchdogCmd                    0x080018bd   Thumb Code    16  stm32f10x_adc.o(.text)
    ADC_AnalogWatchdogThresholdsConfig       0x080018cd   Thumb Code     6  stm32f10x_adc.o(.text)
    ADC_AnalogWatchdogSingleChannelConfig    0x080018d3   Thumb Code    16  stm32f10x_adc.o(.text)
    ADC_TempSensorVrefintCmd                 0x080018e3   Thumb Code    38  stm32f10x_adc.o(.text)
    ADC_GetFlagStatus                        0x08001909   Thumb Code    44  stm32f10x_adc.o(.text)
    ADC_ClearFlag                            0x08001935   Thumb Code     6  stm32f10x_adc.o(.text)
    ADC_GetITStatus                          0x0800193b   Thumb Code    36  stm32f10x_adc.o(.text)
    ADC_ClearITPendingBit                    0x0800195f   Thumb Code    10  stm32f10x_adc.o(.text)
    EXTI_DeInit                              0x08001969   Thumb Code    28  stm32f10x_exti.o(.text)
    EXTI_Init                                0x08001985   Thumb Code   142  stm32f10x_exti.o(.text)
    EXTI_StructInit                          0x08001a13   Thumb Code    16  stm32f10x_exti.o(.text)
    EXTI_GenerateSWInterrupt                 0x08001a23   Thumb Code    16  stm32f10x_exti.o(.text)
    EXTI_GetFlagStatus                       0x08001a33   Thumb Code    22  stm32f10x_exti.o(.text)
    EXTI_ClearFlag                           0x08001a49   Thumb Code     8  stm32f10x_exti.o(.text)
    EXTI_GetITStatus                         0x08001a51   Thumb Code    34  stm32f10x_exti.o(.text)
    EXTI_ClearITPendingBit                   0x08001a73   Thumb Code     8  stm32f10x_exti.o(.text)
    TIM_DeInit                               0x08001a85   Thumb Code   424  stm32f10x_tim.o(.text)
    TIM_TimeBaseInit                         0x08001c2d   Thumb Code   122  stm32f10x_tim.o(.text)
    TIM_OC1Init                              0x08001ca7   Thumb Code   132  stm32f10x_tim.o(.text)
    TIM_OC2Init                              0x08001d2b   Thumb Code   154  stm32f10x_tim.o(.text)
    TIM_OC3Init                              0x08001dc5   Thumb Code   150  stm32f10x_tim.o(.text)
    TIM_OC4Init                              0x08001e5b   Thumb Code   182  stm32f10x_tim.o(.text)
    TIM_SetIC4Prescaler                      0x08001f11   Thumb Code    26  stm32f10x_tim.o(.text)
    TIM_SetIC3Prescaler                      0x08001fad   Thumb Code    18  stm32f10x_tim.o(.text)
    TIM_SetIC2Prescaler                      0x08002039   Thumb Code    26  stm32f10x_tim.o(.text)
    TIM_SetIC1Prescaler                      0x080020d5   Thumb Code    18  stm32f10x_tim.o(.text)
    TIM_ICInit                               0x08002153   Thumb Code   150  stm32f10x_tim.o(.text)
    TIM_PWMIConfig                           0x080021e9   Thumb Code   124  stm32f10x_tim.o(.text)
    TIM_BDTRConfig                           0x08002265   Thumb Code    32  stm32f10x_tim.o(.text)
    TIM_TimeBaseStructInit                   0x08002285   Thumb Code    18  stm32f10x_tim.o(.text)
    TIM_OCStructInit                         0x08002297   Thumb Code    20  stm32f10x_tim.o(.text)
    TIM_ICStructInit                         0x080022ab   Thumb Code    18  stm32f10x_tim.o(.text)
    TIM_BDTRStructInit                       0x080022bd   Thumb Code    40  stm32f10x_tim.o(.text)
    TIM_Cmd                                  0x080022e5   Thumb Code    24  stm32f10x_tim.o(.text)
    TIM_CtrlPWMOutputs                       0x080022fd   Thumb Code    30  stm32f10x_tim.o(.text)
    TIM_ITConfig                             0x0800231b   Thumb Code    18  stm32f10x_tim.o(.text)
    TIM_GenerateEvent                        0x0800232d   Thumb Code     4  stm32f10x_tim.o(.text)
    TIM_DMAConfig                            0x08002331   Thumb Code    10  stm32f10x_tim.o(.text)
    TIM_DMACmd                               0x0800233b   Thumb Code    18  stm32f10x_tim.o(.text)
    TIM_InternalClockConfig                  0x0800234d   Thumb Code    12  stm32f10x_tim.o(.text)
    TIM_SelectInputTrigger                   0x08002359   Thumb Code    18  stm32f10x_tim.o(.text)
    TIM_ITRxExternalClockConfig              0x0800236b   Thumb Code    24  stm32f10x_tim.o(.text)
    TIM_TIxExternalClockConfig               0x08002383   Thumb Code    62  stm32f10x_tim.o(.text)
    TIM_ETRConfig                            0x080023c1   Thumb Code    28  stm32f10x_tim.o(.text)
    TIM_ETRClockMode1Config                  0x080023dd   Thumb Code    54  stm32f10x_tim.o(.text)
    TIM_ETRClockMode2Config                  0x08002413   Thumb Code    32  stm32f10x_tim.o(.text)
    TIM_PrescalerConfig                      0x08002433   Thumb Code     6  stm32f10x_tim.o(.text)
    TIM_CounterModeConfig                    0x08002439   Thumb Code    18  stm32f10x_tim.o(.text)
    TIM_EncoderInterfaceConfig               0x0800244b   Thumb Code    66  stm32f10x_tim.o(.text)
    TIM_ForcedOC1Config                      0x0800248d   Thumb Code    18  stm32f10x_tim.o(.text)
    TIM_ForcedOC2Config                      0x0800249f   Thumb Code    26  stm32f10x_tim.o(.text)
    TIM_ForcedOC3Config                      0x080024b9   Thumb Code    18  stm32f10x_tim.o(.text)
    TIM_ForcedOC4Config                      0x080024cb   Thumb Code    26  stm32f10x_tim.o(.text)
    TIM_ARRPreloadConfig                     0x080024e5   Thumb Code    24  stm32f10x_tim.o(.text)
    TIM_SelectCOM                            0x080024fd   Thumb Code    24  stm32f10x_tim.o(.text)
    TIM_SelectCCDMA                          0x08002515   Thumb Code    24  stm32f10x_tim.o(.text)
    TIM_CCPreloadControl                     0x0800252d   Thumb Code    24  stm32f10x_tim.o(.text)
    TIM_OC1PreloadConfig                     0x08002545   Thumb Code    18  stm32f10x_tim.o(.text)
    TIM_OC2PreloadConfig                     0x08002557   Thumb Code    26  stm32f10x_tim.o(.text)
    TIM_OC3PreloadConfig                     0x08002571   Thumb Code    18  stm32f10x_tim.o(.text)
    TIM_OC4PreloadConfig                     0x08002583   Thumb Code    26  stm32f10x_tim.o(.text)
    TIM_OC1FastConfig                        0x0800259d   Thumb Code    18  stm32f10x_tim.o(.text)
    TIM_OC2FastConfig                        0x080025af   Thumb Code    26  stm32f10x_tim.o(.text)
    TIM_OC3FastConfig                        0x080025c9   Thumb Code    18  stm32f10x_tim.o(.text)
    TIM_OC4FastConfig                        0x080025db   Thumb Code    26  stm32f10x_tim.o(.text)
    TIM_ClearOC1Ref                          0x080025f5   Thumb Code    18  stm32f10x_tim.o(.text)
    TIM_ClearOC2Ref                          0x08002607   Thumb Code    24  stm32f10x_tim.o(.text)
    TIM_ClearOC3Ref                          0x0800261f   Thumb Code    18  stm32f10x_tim.o(.text)
    TIM_ClearOC4Ref                          0x08002631   Thumb Code    24  stm32f10x_tim.o(.text)
    TIM_OC1PolarityConfig                    0x08002649   Thumb Code    18  stm32f10x_tim.o(.text)
    TIM_OC1NPolarityConfig                   0x0800265b   Thumb Code    18  stm32f10x_tim.o(.text)
    TIM_OC2PolarityConfig                    0x0800266d   Thumb Code    26  stm32f10x_tim.o(.text)
    TIM_OC2NPolarityConfig                   0x08002687   Thumb Code    26  stm32f10x_tim.o(.text)
    TIM_OC3PolarityConfig                    0x080026a1   Thumb Code    26  stm32f10x_tim.o(.text)
    TIM_OC3NPolarityConfig                   0x080026bb   Thumb Code    26  stm32f10x_tim.o(.text)
    TIM_OC4PolarityConfig                    0x080026d5   Thumb Code    26  stm32f10x_tim.o(.text)
    TIM_CCxCmd                               0x080026ef   Thumb Code    30  stm32f10x_tim.o(.text)
    TIM_CCxNCmd                              0x0800270d   Thumb Code    30  stm32f10x_tim.o(.text)
    TIM_SelectOCxM                           0x0800272b   Thumb Code    82  stm32f10x_tim.o(.text)
    TIM_UpdateDisableConfig                  0x0800277d   Thumb Code    24  stm32f10x_tim.o(.text)
    TIM_UpdateRequestConfig                  0x08002795   Thumb Code    24  stm32f10x_tim.o(.text)
    TIM_SelectHallSensor                     0x080027ad   Thumb Code    24  stm32f10x_tim.o(.text)
    TIM_SelectOnePulseMode                   0x080027c5   Thumb Code    18  stm32f10x_tim.o(.text)
    TIM_SelectOutputTrigger                  0x080027d7   Thumb Code    18  stm32f10x_tim.o(.text)
    TIM_SelectSlaveMode                      0x080027e9   Thumb Code    18  stm32f10x_tim.o(.text)
    TIM_SelectMasterSlaveMode                0x080027fb   Thumb Code    18  stm32f10x_tim.o(.text)
    TIM_SetCounter                           0x0800280d   Thumb Code     4  stm32f10x_tim.o(.text)
    TIM_SetAutoreload                        0x08002811   Thumb Code     4  stm32f10x_tim.o(.text)
    TIM_SetCompare1                          0x08002815   Thumb Code     4  stm32f10x_tim.o(.text)
    TIM_SetCompare2                          0x08002819   Thumb Code     4  stm32f10x_tim.o(.text)
    TIM_SetCompare3                          0x0800281d   Thumb Code     4  stm32f10x_tim.o(.text)
    TIM_SetCompare4                          0x08002821   Thumb Code     6  stm32f10x_tim.o(.text)
    TIM_SetClockDivision                     0x08002827   Thumb Code    18  stm32f10x_tim.o(.text)
    TIM_GetCapture1                          0x08002839   Thumb Code     6  stm32f10x_tim.o(.text)
    TIM_GetCapture2                          0x0800283f   Thumb Code     6  stm32f10x_tim.o(.text)
    TIM_GetCapture3                          0x08002845   Thumb Code     6  stm32f10x_tim.o(.text)
    TIM_GetCapture4                          0x0800284b   Thumb Code     8  stm32f10x_tim.o(.text)
    TIM_GetCounter                           0x08002853   Thumb Code     6  stm32f10x_tim.o(.text)
    TIM_GetPrescaler                         0x08002859   Thumb Code     6  stm32f10x_tim.o(.text)
    TIM_GetFlagStatus                        0x0800285f   Thumb Code    18  stm32f10x_tim.o(.text)
    TIM_ClearFlag                            0x08002871   Thumb Code     6  stm32f10x_tim.o(.text)
    TIM_GetITStatus                          0x08002877   Thumb Code    34  stm32f10x_tim.o(.text)
    TIM_ClearITPendingBit                    0x08002899   Thumb Code     6  stm32f10x_tim.o(.text)
    Reset_Handler                            0x080028a1   Thumb Code     8  startup_stm32f10x_cl.o(.text)
    ADC1_2_IRQHandler                        0x080028bb   Thumb Code     0  startup_stm32f10x_cl.o(.text)
    CAN1_RX0_IRQHandler                      0x080028bb   Thumb Code     0  startup_stm32f10x_cl.o(.text)
    CAN1_RX1_IRQHandler                      0x080028bb   Thumb Code     0  startup_stm32f10x_cl.o(.text)
    CAN1_SCE_IRQHandler                      0x080028bb   Thumb Code     0  startup_stm32f10x_cl.o(.text)
    CAN1_TX_IRQHandler                       0x080028bb   Thumb Code     0  startup_stm32f10x_cl.o(.text)
    CAN2_RX0_IRQHandler                      0x080028bb   Thumb Code     0  startup_stm32f10x_cl.o(.text)
    CAN2_RX1_IRQHandler                      0x080028bb   Thumb Code     0  startup_stm32f10x_cl.o(.text)
    CAN2_SCE_IRQHandler                      0x080028bb   Thumb Code     0  startup_stm32f10x_cl.o(.text)
    CAN2_TX_IRQHandler                       0x080028bb   Thumb Code     0  startup_stm32f10x_cl.o(.text)
    DMA1_Channel1_IRQHandler                 0x080028bb   Thumb Code     0  startup_stm32f10x_cl.o(.text)
    DMA1_Channel2_IRQHandler                 0x080028bb   Thumb Code     0  startup_stm32f10x_cl.o(.text)
    DMA1_Channel3_IRQHandler                 0x080028bb   Thumb Code     0  startup_stm32f10x_cl.o(.text)
    DMA1_Channel4_IRQHandler                 0x080028bb   Thumb Code     0  startup_stm32f10x_cl.o(.text)
    DMA1_Channel5_IRQHandler                 0x080028bb   Thumb Code     0  startup_stm32f10x_cl.o(.text)
    DMA1_Channel6_IRQHandler                 0x080028bb   Thumb Code     0  startup_stm32f10x_cl.o(.text)
    DMA1_Channel7_IRQHandler                 0x080028bb   Thumb Code     0  startup_stm32f10x_cl.o(.text)
    DMA2_Channel1_IRQHandler                 0x080028bb   Thumb Code     0  startup_stm32f10x_cl.o(.text)
    DMA2_Channel2_IRQHandler                 0x080028bb   Thumb Code     0  startup_stm32f10x_cl.o(.text)
    DMA2_Channel3_IRQHandler                 0x080028bb   Thumb Code     0  startup_stm32f10x_cl.o(.text)
    DMA2_Channel4_IRQHandler                 0x080028bb   Thumb Code     0  startup_stm32f10x_cl.o(.text)
    DMA2_Channel5_IRQHandler                 0x080028bb   Thumb Code     0  startup_stm32f10x_cl.o(.text)
    ETH_IRQHandler                           0x080028bb   Thumb Code     0  startup_stm32f10x_cl.o(.text)
    ETH_WKUP_IRQHandler                      0x080028bb   Thumb Code     0  startup_stm32f10x_cl.o(.text)
    EXTI0_IRQHandler                         0x080028bb   Thumb Code     0  startup_stm32f10x_cl.o(.text)
    EXTI1_IRQHandler                         0x080028bb   Thumb Code     0  startup_stm32f10x_cl.o(.text)
    EXTI2_IRQHandler                         0x080028bb   Thumb Code     0  startup_stm32f10x_cl.o(.text)
    EXTI3_IRQHandler                         0x080028bb   Thumb Code     0  startup_stm32f10x_cl.o(.text)
    EXTI4_IRQHandler                         0x080028bb   Thumb Code     0  startup_stm32f10x_cl.o(.text)
    EXTI9_5_IRQHandler                       0x080028bb   Thumb Code     0  startup_stm32f10x_cl.o(.text)
    FLASH_IRQHandler                         0x080028bb   Thumb Code     0  startup_stm32f10x_cl.o(.text)
    I2C1_ER_IRQHandler                       0x080028bb   Thumb Code     0  startup_stm32f10x_cl.o(.text)
    I2C1_EV_IRQHandler                       0x080028bb   Thumb Code     0  startup_stm32f10x_cl.o(.text)
    I2C2_ER_IRQHandler                       0x080028bb   Thumb Code     0  startup_stm32f10x_cl.o(.text)
    I2C2_EV_IRQHandler                       0x080028bb   Thumb Code     0  startup_stm32f10x_cl.o(.text)
    OTG_FS_IRQHandler                        0x080028bb   Thumb Code     0  startup_stm32f10x_cl.o(.text)
    OTG_FS_WKUP_IRQHandler                   0x080028bb   Thumb Code     0  startup_stm32f10x_cl.o(.text)
    PVD_IRQHandler                           0x080028bb   Thumb Code     0  startup_stm32f10x_cl.o(.text)
    RCC_IRQHandler                           0x080028bb   Thumb Code     0  startup_stm32f10x_cl.o(.text)
    RTCAlarm_IRQHandler                      0x080028bb   Thumb Code     0  startup_stm32f10x_cl.o(.text)
    RTC_IRQHandler                           0x080028bb   Thumb Code     0  startup_stm32f10x_cl.o(.text)
    SPI1_IRQHandler                          0x080028bb   Thumb Code     0  startup_stm32f10x_cl.o(.text)
    SPI2_IRQHandler                          0x080028bb   Thumb Code     0  startup_stm32f10x_cl.o(.text)
    SPI3_IRQHandler                          0x080028bb   Thumb Code     0  startup_stm32f10x_cl.o(.text)
    TAMPER_IRQHandler                        0x080028bb   Thumb Code     0  startup_stm32f10x_cl.o(.text)
    TIM1_BRK_IRQHandler                      0x080028bb   Thumb Code     0  startup_stm32f10x_cl.o(.text)
    TIM1_CC_IRQHandler                       0x080028bb   Thumb Code     0  startup_stm32f10x_cl.o(.text)
    TIM1_TRG_COM_IRQHandler                  0x080028bb   Thumb Code     0  startup_stm32f10x_cl.o(.text)
    TIM1_UP_IRQHandler                       0x080028bb   Thumb Code     0  startup_stm32f10x_cl.o(.text)
    TIM2_IRQHandler                          0x080028bb   Thumb Code     0  startup_stm32f10x_cl.o(.text)
    TIM3_IRQHandler                          0x080028bb   Thumb Code     0  startup_stm32f10x_cl.o(.text)
    TIM4_IRQHandler                          0x080028bb   Thumb Code     0  startup_stm32f10x_cl.o(.text)
    TIM5_IRQHandler                          0x080028bb   Thumb Code     0  startup_stm32f10x_cl.o(.text)
    TIM6_IRQHandler                          0x080028bb   Thumb Code     0  startup_stm32f10x_cl.o(.text)
    TIM7_IRQHandler                          0x080028bb   Thumb Code     0  startup_stm32f10x_cl.o(.text)
    UART4_IRQHandler                         0x080028bb   Thumb Code     0  startup_stm32f10x_cl.o(.text)
    UART5_IRQHandler                         0x080028bb   Thumb Code     0  startup_stm32f10x_cl.o(.text)
    USART1_IRQHandler                        0x080028bb   Thumb Code     0  startup_stm32f10x_cl.o(.text)
    USART2_IRQHandler                        0x080028bb   Thumb Code     0  startup_stm32f10x_cl.o(.text)
    USART3_IRQHandler                        0x080028bb   Thumb Code     0  startup_stm32f10x_cl.o(.text)
    WWDG_IRQHandler                          0x080028bb   Thumb Code     0  startup_stm32f10x_cl.o(.text)
    __user_initial_stackheap                 0x080028bd   Thumb Code     0  startup_stm32f10x_cl.o(.text)
    delay                                    0x080028e1   Thumb Code    30  main.o(.text)
    touch_point                              0x080028ff   Thumb Code   734  main.o(.text)
    print_scan                               0x08002bdd   Thumb Code   156  main.o(.text)
    cleardata                                0x08002c79   Thumb Code    86  main.o(.text)
    thefile                                  0x08002ccf   Thumb Code  2586  main.o(.text)
    main                                     0x080036e9   Thumb Code   186  main.o(.text)
    SPI_ControlLine                          0x08003821   Thumb Code    12  mmc_sd.o(.text)
    SPI_SetSpeed                             0x0800382d   Thumb Code   160  mmc_sd.o(.text)
    SPI_ReadWriteByte                        0x080038cd   Thumb Code    50  mmc_sd.o(.text)
    SD_WaitReady                             0x080038ff   Thumb Code    38  mmc_sd.o(.text)
    SD_SendCommand                           0x08003925   Thumb Code   128  mmc_sd.o(.text)
    SD_SendCommand_NoDeassert                0x080039a5   Thumb Code   112  mmc_sd.o(.text)
    SD_Init                                  0x08003a15   Thumb Code   492  mmc_sd.o(.text)
    SD_ReceiveData                           0x08003c01   Thumb Code   136  mmc_sd.o(.text)
    SD_ReadSingleBlock                       0x08003c89   Thumb Code    56  mmc_sd.o(.text)
    SD_WriteSingleBlock                      0x08003cc1   Thumb Code   208  mmc_sd.o(.text)
    SD_ReadMultiBlock                        0x08003d91   Thumb Code   108  mmc_sd.o(.text)
    SD_WriteMultiBlock                       0x08003dfd   Thumb Code   244  mmc_sd.o(.text)
    SD_Read_Bytes                            0x08003ef1   Thumb Code   172  mmc_sd.o(.text)
    NMI_Handler                              0x08003fa5   Thumb Code     2  stm32f10x_it.o(.text)
    HardFault_Handler                        0x08003fa7   Thumb Code     4  stm32f10x_it.o(.text)
    MemManage_Handler                        0x08003fab   Thumb Code     4  stm32f10x_it.o(.text)
    BusFault_Handler                         0x08003faf   Thumb Code     4  stm32f10x_it.o(.text)
    UsageFault_Handler                       0x08003fb3   Thumb Code     4  stm32f10x_it.o(.text)
    SVC_Handler                              0x08003fb7   Thumb Code     2  stm32f10x_it.o(.text)
    DebugMon_Handler                         0x08003fb9   Thumb Code     2  stm32f10x_it.o(.text)
    PendSV_Handler                           0x08003fbb   Thumb Code     2  stm32f10x_it.o(.text)
    SPI2_highini                             0x08003fbd   Thumb Code    94  vs.o(.text)
    SPI2_lowini                              0x0800401b   Thumb Code    94  vs.o(.text)
    spi_write                                0x08004079   Thumb Code    50  vs.o(.text)
    delay_vs                                 0x080040ab   Thumb Code    34  vs.o(.text)
    command_write                            0x080040cd   Thumb Code    80  vs.o(.text)
    command_read                             0x0800411d   Thumb Code    96  vs.o(.text)
    mp3_Init                                 0x0800417d   Thumb Code   156  vs.o(.text)
    reduce_volume                            0x08004219   Thumb Code    54  vs.o(.text)
    increase_volume                          0x0800424f   Thumb Code    54  vs.o(.text)
    Load_VS_Load_FlacPatch                   0x08004285   Thumb Code   132  vs.o(.text)
    Touch_ini                                0x0800431d   Thumb Code    36  touch.o(.text)
    spi3_write                               0x08004341   Thumb Code    66  touch.o(.text)
    ADS_Read_AD                              0x08004383   Thumb Code   162  touch.o(.text)
    ADS_Read_XY                              0x08004425   Thumb Code   124  touch.o(.text)
    Read_ADS                                 0x080044a1   Thumb Code    46  touch.o(.text)
    Driver_MCU_Init                          0x080044d9   Thumb Code   204  ini.o(.text)
    GPIOB_ini                                0x080045a5   Thumb Code   230  ini.o(.text)
    GPIOC_ini                                0x0800468b   Thumb Code    38  ini.o(.text)
    GPIOA_ini                                0x080046b1   Thumb Code   196  ini.o(.text)
    GPIOD_ini                                0x08004775   Thumb Code    36  ini.o(.text)
    uart_ini                                 0x08004799   Thumb Code    60  ini.o(.text)
    send_data                                0x080047d5   Thumb Code    40  ini.o(.text)
    print                                    0x080047fd   Thumb Code    22  ini.o(.text)
    putnum                                   0x08004813   Thumb Code   290  ini.o(.text)
    Adc1_Init                                0x08004935   Thumb Code   134  ini.o(.text)
    Adc2_Init                                0x080049bb   Thumb Code   134  ini.o(.text)
    adc_ini                                  0x08004a41   Thumb Code    52  ini.o(.text)
    sys_ini                                  0x08004a75   Thumb Code    24  ini.o(.text)
    lcd_delay                                0x08004a99   Thumb Code    30  lcd.o(.text)
    LCD_Writ_Bus                             0x08004ab7   Thumb Code    30  lcd.o(.text)
    LCD_WR_DATA                              0x08004ad5   Thumb Code    20  lcd.o(.text)
    LCD_WR_REG                               0x08004ae9   Thumb Code    20  lcd.o(.text)
    LCD_WR_REG_DATA                          0x08004afd   Thumb Code    20  lcd.o(.text)
    Address_set                              0x08004b11   Thumb Code    94  lcd.o(.text)
    Lcd_Init                                 0x08004b6f   Thumb Code   534  lcd.o(.text)
    LCD_Clear                                0x08004d85   Thumb Code    48  lcd.o(.text)
    LCD_DrawPoint                            0x08004db5   Thumb Code    30  lcd.o(.text)
    LCD_Black                                0x08004dd3   Thumb Code    58  lcd.o(.text)
    LCD_ShowChar                             0x08004e0d   Thumb Code   176  lcd.o(.text)
    LCD_ShowString                           0x08004ebd   Thumb Code    60  lcd.o(.text)
    Draw_Circle                              0x08004ef9   Thumb Code   176  lcd.o(.text)
    putnums                                  0x08004fa9   Thumb Code   224  lcd.o(.text)
    putfloatnums                             0x08005089   Thumb Code   334  lcd.o(.text)
    show_line1                               0x080051d7   Thumb Code    34  lcd.o(.text)
    show_line2                               0x080051f9   Thumb Code    34  lcd.o(.text)
    show_char                                0x0800521b   Thumb Code   300  lcd.o(.text)
    ShowString                               0x08005347   Thumb Code    88  lcd.o(.text)
    send_dat                                 0x0800540d   Thumb Code    72  play.o(.text)
    play_delay                               0x08005455   Thumb Code    16  play.o(.text)
    SysTick_Handler                          0x08005465   Thumb Code   204  play.o(.text)
    ExtINTConfig                             0x08005531   Thumb Code   148  play.o(.text)
    EXTI15_10_IRQHandler                     0x080055c5   Thumb Code   726  play.o(.text)
    play_mp3                                 0x0800589b   Thumb Code  1758  play.o(.text)
    play_midi                                0x08005f79   Thumb Code   808  play.o(.text)
    play_txt                                 0x080062a1   Thumb Code  1264  play.o(.text)
    play_bin                                 0x08006791   Thumb Code    82  play.o(.text)
    play_wav                                 0x080067e3   Thumb Code   842  play.o(.text)
    read_DBR                                 0x08006b61   Thumb Code   120  file.o(.text)
    read_Dir                                 0x08006bd9   Thumb Code   132  file.o(.text)
    read_file                                0x08006c5d   Thumb Code  1022  file.o(.text)
    ini_FAT                                  0x0800705b   Thumb Code   114  file.o(.text)
    pwm1_ini                                 0x080070e5   Thumb Code   116  pwm.o(.text)
    pwm2_ini                                 0x08007159   Thumb Code   112  pwm.o(.text)
    __use_two_region_memory                  0x080071cd   Thumb Code     2  heapauxi.o(.text)
    __rt_heap_escrow$2region                 0x080071cf   Thumb Code     2  heapauxi.o(.text)
    __rt_heap_expand$2region                 0x080071d1   Thumb Code     2  heapauxi.o(.text)
    __user_setup_stackheap                   0x080071d3   Thumb Code    74  sys_stackheap_outer.o(.text)
    exit                                     0x0800721d   Thumb Code    12  exit.o(.text)
    __user_libspace                          0x08007229   Thumb Code     8  libspace.o(.text)
    __user_perproc_libspace                  0x08007229   Thumb Code     0  libspace.o(.text)
    __user_perthread_libspace                0x08007229   Thumb Code     0  libspace.o(.text)
    _sys_exit                                0x08007231   Thumb Code     8  sys_exit.o(.text)
    __I$use$semihosting                      0x0800723d   Thumb Code     0  use_no_semi.o(.text)
    __use_no_semihosting_swi                 0x0800723d   Thumb Code     2  use_no_semi.o(.text)
    __semihosting_library_function           0x0800723f   Thumb Code     0  indicate_semi.o(.text)
    __aeabi_dadd                             0x08007241   Thumb Code     0  daddsub_clz.o(x$fpl$dadd)
    _dadd                                    0x08007241   Thumb Code   332  daddsub_clz.o(x$fpl$dadd)
    __aeabi_ddiv                             0x08007391   Thumb Code     0  ddiv.o(x$fpl$ddiv)
    _ddiv                                    0x08007391   Thumb Code   552  ddiv.o(x$fpl$ddiv)
    __aeabi_d2uiz                            0x08007641   Thumb Code     0  dfixu.o(x$fpl$dfixu)
    _dfixu                                   0x08007641   Thumb Code    90  dfixu.o(x$fpl$dfixu)
    __aeabi_i2d                              0x0800769b   Thumb Code     0  dflt_clz.o(x$fpl$dflt)
    _dflt                                    0x0800769b   Thumb Code    46  dflt_clz.o(x$fpl$dflt)
    __aeabi_dmul                             0x080076c9   Thumb Code     0  dmul.o(x$fpl$dmul)
    _dmul                                    0x080076c9   Thumb Code   332  dmul.o(x$fpl$dmul)
    __fpl_dnaninf                            0x0800781d   Thumb Code   156  dnaninf.o(x$fpl$dnaninf)
    __fpl_dretinf                            0x080078b9   Thumb Code    12  dretinf.o(x$fpl$dretinf)
    __aeabi_dsub                             0x080078c5   Thumb Code     0  daddsub_clz.o(x$fpl$dsub)
    _dsub                                    0x080078c5   Thumb Code   464  daddsub_clz.o(x$fpl$dsub)
    __aeabi_fdiv                             0x08007a99   Thumb Code     0  fdiv.o(x$fpl$fdiv)
    _fdiv                                    0x08007a99   Thumb Code   384  fdiv.o(x$fpl$fdiv)
    __aeabi_f2iz                             0x08007c1d   Thumb Code     0  ffix.o(x$fpl$ffix)
    _ffix                                    0x08007c1d   Thumb Code    54  ffix.o(x$fpl$ffix)
    __aeabi_f2uiz                            0x08007c55   Thumb Code     0  ffixu.o(x$fpl$ffixu)
    _ffixu                                   0x08007c55   Thumb Code    62  ffixu.o(x$fpl$ffixu)
    __aeabi_fmul                             0x08007c95   Thumb Code     0  fmul.o(x$fpl$fmul)
    _fmul                                    0x08007c95   Thumb Code   258  fmul.o(x$fpl$fmul)
    __fpl_fnaninf                            0x08007d97   Thumb Code   140  fnaninf.o(x$fpl$fnaninf)
    __fpl_fretinf                            0x08007e23   Thumb Code    10  fretinf.o(x$fpl$fretinf)
    Region$$Table$$Base                      0x08007e2c   Number         0  anon$$obj.o(Region$$Table)
    __I$use$fp                               0x08007e2c   Number         0  usenofp.o(x$fpl$usenofp)
    Region$$Table$$Limit                     0x08007e4c   Number         0  anon$$obj.o(Region$$Table)
    SystemCoreClock                          0x20000000   Data           4  system_stm32f10x.o(.data)
    AHBPrescTable                            0x20000004   Data          16  system_stm32f10x.o(.data)
    point                                    0x20000028   Data           2  main.o(.data)
    pcount                                   0x2000002a   Data           2  main.o(.data)
    count                                    0x2000002c   Data           2  main.o(.data)
    folderstack                              0x2000002e   Data           2  main.o(.data)
    pcm                                      0x20000030   Data          96  main.o(.data)
    SD_Type                                  0x20000090   Data           1  mmc_sd.o(.data)
    vol                                      0x20000094   Data           4  vs.o(.data)
    vs1053b_patch                            0x20000098   Data       10866  vs.o(.data)
    touchx                                   0x20002b0c   Data           4  touch.o(.data)
    touchy                                   0x20002b10   Data           4  touch.o(.data)
    binadd                                   0x20002b14   Data           4  lcd.o(.data)
    BACK_COLOR                               0x20002b18   Data           4  lcd.o(.data)
    POINT_COLOR                              0x20002b1c   Data           4  lcd.o(.data)
    asc2_1608                                0x20002b20   Data        1520  lcd.o(.data)
    flag_wav                                 0x20003110   Data           4  play.o(.data)
    num_wav                                  0x20003114   Data           4  play.o(.data)
    last_wav1                                0x20003118   Data           1  play.o(.data)
    last_wav2                                0x20003119   Data           1  play.o(.data)
    midiflag                                 0x2000311c   Data           4  play.o(.data)
    wav1                                     0x20003120   Data           1  play.o(.data)
    wav2                                     0x20003121   Data           1  play.o(.data)
    sendcount                                0x20003124   Data           4  play.o(.data)
    pianyi                                   0x20003128   Data           4  file.o(.data)
    BytesPerSector                           0x2000312c   Data           2  file.o(.data)
    SectorsPerCluster                        0x2000312e   Data           2  file.o(.data)
    ReserveSectors                           0x20003130   Data           2  file.o(.data)
    FatTableNums                             0x20003132   Data           2  file.o(.data)
    SectorsPerFat                            0x20003134   Data           2  file.o(.data)
    RootDir                                  0x20003136   Data           2  file.o(.data)
    ReadDir                                  0x20003138   Data           4  file.o(.data)
    firstcut                                 0x2000313c   Data           4  file.o(.data)
    nextcut                                  0x20003140   Data           4  file.o(.data)
    firstSector                              0x20003144   Data           4  file.o(.data)
    Sector                                   0x20003148   Data           4  file.o(.data)
    filelong                                 0x2000314c   Data           4  file.o(.data)
    fileSector                               0x20003150   Data           4  file.o(.data)
    Readfile                                 0x20003154   Data           4  file.o(.data)
    folderdata                               0x20003158   Data        7168  main.o(.bss)
    filedata                                 0x20004d58   Data        7168  main.o(.bss)
    string                                   0x20006958   Data         512  lcd.o(.bss)
    SD_DATA1                                 0x20006b58   Data         512  play.o(.bss)
    SD_DATA2                                 0x20006d58   Data         512  play.o(.bss)
    song_DATA                                0x20006f58   Data         512  play.o(.bss)
    SD_DATA                                  0x20007158   Data         512  file.o(.bss)
    FAT_DATA                                 0x20007358   Data         512  file.o(.bss)
    __libspace_start                         0x20007558   Data          96  libspace.o(.bss)
    __temporary_stack_top$libspace           0x200075b8   Data           0  libspace.o(.bss)



==============================================================================

Memory Map of the image

  Image Entry point : 0x08000151

  Load Region LR_IROM1 (Base: 0x08000000, Size: 0x0000afa4, Max: 0x00040000, ABSOLUTE, COMPRESSED[0x00009cdc])

    Execution Region ER_IROM1 (Base: 0x08000000, Size: 0x00007e4c, Max: 0x00040000, ABSOLUTE)

    Base Addr    Size         Type   Attr      Idx    E Section Name        Object

    0x08000000   0x00000150   Data   RO          173    RESET               startup_stm32f10x_cl.o
    0x08000150   0x00000008   Code   RO          385  * !!!main             c_w.l(__main.o)
    0x08000158   0x00000034   Code   RO          588    !!!scatter          c_w.l(__scatter.o)
    0x0800018c   0x00000064   Code   RO          586    !!dclz77c           c_w.l(__dclz77c.o)
    0x080001f0   0x0000001c   Code   RO          590    !!handler_zi        c_w.l(__scatter_zi.o)
    0x0800020c   0x00000002   Code   RO          459    .ARM.Collect$$libinit$$00000000  c_w.l(libinit.o)
    0x0800020e   0x00000000   Code   RO          466    .ARM.Collect$$libinit$$00000002  c_w.l(libinit2.o)
    0x0800020e   0x00000000   Code   RO          469    .ARM.Collect$$libinit$$00000008  c_w.l(libinit2.o)
    0x0800020e   0x00000000   Code   RO          471    .ARM.Collect$$libinit$$0000000A  c_w.l(libinit2.o)
    0x0800020e   0x00000000   Code   RO          473    .ARM.Collect$$libinit$$0000000C  c_w.l(libinit2.o)
    0x0800020e   0x00000000   Code   RO          476    .ARM.Collect$$libinit$$0000000F  c_w.l(libinit2.o)
    0x0800020e   0x00000000   Code   RO          478    .ARM.Collect$$libinit$$00000011  c_w.l(libinit2.o)
    0x0800020e   0x00000000   Code   RO          480    .ARM.Collect$$libinit$$00000013  c_w.l(libinit2.o)
    0x0800020e   0x00000000   Code   RO          482    .ARM.Collect$$libinit$$00000015  c_w.l(libinit2.o)
    0x0800020e   0x00000000   Code   RO          484    .ARM.Collect$$libinit$$00000017  c_w.l(libinit2.o)
    0x0800020e   0x00000000   Code   RO          486    .ARM.Collect$$libinit$$00000019  c_w.l(libinit2.o)
    0x0800020e   0x00000000   Code   RO          488    .ARM.Collect$$libinit$$0000001B  c_w.l(libinit2.o)
    0x0800020e   0x00000000   Code   RO          490    .ARM.Collect$$libinit$$0000001D  c_w.l(libinit2.o)
    0x0800020e   0x00000000   Code   RO          492    .ARM.Collect$$libinit$$0000001F  c_w.l(libinit2.o)
    0x0800020e   0x00000000   Code   RO          494    .ARM.Collect$$libinit$$00000021  c_w.l(libinit2.o)
    0x0800020e   0x00000000   Code   RO          496    .ARM.Collect$$libinit$$00000023  c_w.l(libinit2.o)
    0x0800020e   0x00000000   Code   RO          500    .ARM.Collect$$libinit$$0000002A  c_w.l(libinit2.o)
    0x0800020e   0x00000000   Code   RO          502    .ARM.Collect$$libinit$$0000002C  c_w.l(libinit2.o)
    0x0800020e   0x00000000   Code   RO          504    .ARM.Collect$$libinit$$0000002E  c_w.l(libinit2.o)
    0x0800020e   0x00000000   Code   RO          506    .ARM.Collect$$libinit$$00000030  c_w.l(libinit2.o)
    0x0800020e   0x00000002   Code   RO          507    .ARM.Collect$$libinit$$00000031  c_w.l(libinit2.o)
    0x08000210   0x00000002   Code   RO          527    .ARM.Collect$$libshutdown$$00000000  c_w.l(libshutdown.o)
    0x08000212   0x00000000   Code   RO          541    .ARM.Collect$$libshutdown$$00000003  c_w.l(libshutdown2.o)
    0x08000212   0x00000000   Code   RO          544    .ARM.Collect$$libshutdown$$00000006  c_w.l(libshutdown2.o)
    0x08000212   0x00000000   Code   RO          547    .ARM.Collect$$libshutdown$$00000009  c_w.l(libshutdown2.o)
    0x08000212   0x00000000   Code   RO          549    .ARM.Collect$$libshutdown$$0000000B  c_w.l(libshutdown2.o)
    0x08000212   0x00000000   Code   RO          552    .ARM.Collect$$libshutdown$$0000000E  c_w.l(libshutdown2.o)
    0x08000212   0x00000002   Code   RO          553    .ARM.Collect$$libshutdown$$0000000F  c_w.l(libshutdown2.o)
    0x08000214   0x00000000   Code   RO          425    .ARM.Collect$$rtentry$$00000000  c_w.l(rtentry.o)
    0x08000214   0x00000000   Code   RO          436    .ARM.Collect$$rtentry$$00000002  c_w.l(rtentry2.o)
    0x08000214   0x00000006   Code   RO          448    .ARM.Collect$$rtentry$$00000004  c_w.l(rtentry4.o)
    0x0800021a   0x00000000   Code   RO          438    .ARM.Collect$$rtentry$$00000009  c_w.l(rtentry2.o)
    0x0800021a   0x00000004   Code   RO          439    .ARM.Collect$$rtentry$$0000000A  c_w.l(rtentry2.o)
    0x0800021e   0x00000000   Code   RO          441    .ARM.Collect$$rtentry$$0000000C  c_w.l(rtentry2.o)
    0x0800021e   0x00000008   Code   RO          442    .ARM.Collect$$rtentry$$0000000D  c_w.l(rtentry2.o)
    0x08000226   0x00000002   Code   RO          463    .ARM.Collect$$rtexit$$00000000  c_w.l(rtexit.o)
    0x08000228   0x00000000   Code   RO          509    .ARM.Collect$$rtexit$$00000002  c_w.l(rtexit2.o)
    0x08000228   0x00000004   Code   RO          510    .ARM.Collect$$rtexit$$00000003  c_w.l(rtexit2.o)
    0x0800022c   0x00000006   Code   RO          511    .ARM.Collect$$rtexit$$00000004  c_w.l(rtexit2.o)
    0x08000232   0x00000002   PAD
    0x08000234   0x0000026c   Code   RO           17    .text               system_stm32f10x.o
    0x080004a0   0x000000dc   Code   RO           54    .text               misc.o
    0x0800057c   0x00000358   Code   RO           70    .text               stm32f10x_gpio.o
    0x080008d4   0x000004fc   Code   RO           82    .text               stm32f10x_rcc.o
    0x08000dd0   0x00000354   Code   RO           96    .text               stm32f10x_spi.o
    0x08001124   0x00000408   Code   RO          111    .text               stm32f10x_usart.o
    0x0800152c   0x0000043c   Code   RO          126    .text               stm32f10x_adc.o
    0x08001968   0x0000011c   Code   RO          141    .text               stm32f10x_exti.o
    0x08001a84   0x00000e1a   Code   RO          156    .text               stm32f10x_tim.o
    0x0800289e   0x00000002   PAD
    0x080028a0   0x00000040   Code   RO          174    .text               startup_stm32f10x_cl.o
    0x080028e0   0x00000f40   Code   RO          178    .text               main.o
    0x08003820   0x00000784   Code   RO          224    .text               mmc_sd.o
    0x08003fa4   0x00000018   Code   RO          239    .text               stm32f10x_it.o
    0x08003fbc   0x00000360   Code   RO          254    .text               vs.o
    0x0800431c   0x000001bc   Code   RO          272    .text               touch.o
    0x080044d8   0x000005c0   Code   RO          290    .text               ini.o
    0x08004a98   0x00000928   Code   RO          302    .text               lcd.o
    0x080053c0   0x000017a0   Code   RO          321    .text               play.o
    0x08006b60   0x00000584   Code   RO          341    .text               file.o
    0x080070e4   0x000000e8   Code   RO          369    .text               pwm.o
    0x080071cc   0x00000006   Code   RO          383    .text               c_w.l(heapauxi.o)
    0x080071d2   0x0000004a   Code   RO          450    .text               c_w.l(sys_stackheap_outer.o)
    0x0800721c   0x0000000c   Code   RO          452    .text               c_w.l(exit.o)
    0x08007228   0x00000008   Code   RO          460    .text               c_w.l(libspace.o)
    0x08007230   0x0000000c   Code   RO          519    .text               c_w.l(sys_exit.o)
    0x0800723c   0x00000002   Code   RO          530    .text               c_w.l(use_no_semi.o)
    0x0800723e   0x00000000   Code   RO          532    .text               c_w.l(indicate_semi.o)
    0x0800723e   0x00000002   PAD
    0x08007240   0x00000150   Code   RO          389    x$fpl$dadd          fz_ws.l(daddsub_clz.o)
    0x08007390   0x000002b0   Code   RO          396    x$fpl$ddiv          fz_ws.l(ddiv.o)
    0x08007640   0x0000005a   Code   RO          399    x$fpl$dfixu         fz_ws.l(dfixu.o)
    0x0800769a   0x0000002e   Code   RO          404    x$fpl$dflt          fz_ws.l(dflt_clz.o)
    0x080076c8   0x00000154   Code   RO          409    x$fpl$dmul          fz_ws.l(dmul.o)
    0x0800781c   0x0000009c   Code   RO          426    x$fpl$dnaninf       fz_ws.l(dnaninf.o)
    0x080078b8   0x0000000c   Code   RO          428    x$fpl$dretinf       fz_ws.l(dretinf.o)
    0x080078c4   0x000001d4   Code   RO          391    x$fpl$dsub          fz_ws.l(daddsub_clz.o)
    0x08007a98   0x00000184   Code   RO          412    x$fpl$fdiv          fz_ws.l(fdiv.o)
    0x08007c1c   0x00000036   Code   RO          415    x$fpl$ffix          fz_ws.l(ffix.o)
    0x08007c52   0x00000002   PAD
    0x08007c54   0x0000003e   Code   RO          419    x$fpl$ffixu         fz_ws.l(ffixu.o)
    0x08007c92   0x00000002   PAD
    0x08007c94   0x00000102   Code   RO          423    x$fpl$fmul          fz_ws.l(fmul.o)
    0x08007d96   0x0000008c   Code   RO          430    x$fpl$fnaninf       fz_ws.l(fnaninf.o)
    0x08007e22   0x0000000a   Code   RO          432    x$fpl$fretinf       fz_ws.l(fretinf.o)
    0x08007e2c   0x00000000   Code   RO          434    x$fpl$usenofp       fz_ws.l(usenofp.o)
    0x08007e2c   0x00000020   Data   RO          584    Region$$Table       anon$$obj.o


    Execution Region RW_IRAM1 (Base: 0x20000000, Size: 0x00007bb8, Max: 0x0000c000, ABSOLUTE, COMPRESSED[0x00001e90])

    Base Addr    Size         Type   Attr      Idx    E Section Name        Object

    0x20000000   0x00000014   Data   RW           18    .data               system_stm32f10x.o
    0x20000014   0x00000014   Data   RW           83    .data               stm32f10x_rcc.o
    0x20000028   0x00000068   Data   RW          180    .data               main.o
    0x20000090   0x00000001   Data   RW          225    .data               mmc_sd.o
    0x20000091   0x00000003   PAD
    0x20000094   0x00002a76   Data   RW          255    .data               vs.o
    0x20002b0a   0x00000002   PAD
    0x20002b0c   0x00000008   Data   RW          273    .data               touch.o
    0x20002b14   0x000005fc   Data   RW          304    .data               lcd.o
    0x20003110   0x00000018   Data   RW          323    .data               play.o
    0x20003128   0x00000030   Data   RW          343    .data               file.o
    0x20003158   0x00003800   Zero   RW          179    .bss                main.o
    0x20006958   0x00000200   Zero   RW          303    .bss                lcd.o
    0x20006b58   0x00000600   Zero   RW          322    .bss                play.o
    0x20007158   0x00000400   Zero   RW          342    .bss                file.o
    0x20007558   0x00000060   Zero   RW          461    .bss                c_w.l(libspace.o)
    0x200075b8   0x00000200   Zero   RW          172    HEAP                startup_stm32f10x_cl.o
    0x200077b8   0x00000400   Zero   RW          171    STACK               startup_stm32f10x_cl.o


==============================================================================

Image component sizes


      Code (inc. data)   RO Data    RW Data    ZI Data      Debug   Object Name

         0          0          0          0          0       4256   core_cm3.o
      1412         82          0         48       1024       2516   file.o
      1472         48          0          0          0       3006   ini.o
      2344         52          0       1532        512       6572   lcd.o
      3904        384          0        104      14336       3783   main.o
       220         20          0          0          0       1661   misc.o
      1924         20          0          1          0       5946   mmc_sd.o
      6048        350          0         24       1536      22077   play.o
       232          4          0          0          0        816   pwm.o
        64         26        336          0       1536        744   startup_stm32f10x_cl.o
      1084         26          0          0          0      19685   stm32f10x_adc.o
       284         10          0          0          0       4239   stm32f10x_exti.o
       856         40          0          0          0       5509   stm32f10x_gpio.o
        24          0          0          0          0       1058   stm32f10x_it.o
      1276         72          0         20          0      10978   stm32f10x_rcc.o
       852         20          0          0          0      13326   stm32f10x_spi.o
      3610         88          0          0          0      42312   stm32f10x_tim.o
      1032         22          0          0          0      14240   stm32f10x_usart.o
       620         48          0         20          0     244859   system_stm32f10x.o
       444         10          0          8          0       1872   touch.o
       864         20          0      10870          0       2983   vs.o

    ----------------------------------------------------------------------
     28568       1342        368      12632      18944     412438   Object Totals
         0          0         32          0          0          0   (incl. Generated)
         2          0          0          5          0          0   (incl. Padding)

    ----------------------------------------------------------------------

      Code (inc. data)   RO Data    RW Data    ZI Data      Debug   Library Member Name

       100          0          0          0          0          0   __dclz77c.o
         8          0          0          0          0         68   __main.o
        52          8          0          0          0          0   __scatter.o
        28          0          0          0          0          0   __scatter_zi.o
        12          0          0          0          0         72   exit.o
         6          0          0          0          0        152   heapauxi.o
         0          0          0          0          0          0   indicate_semi.o
         2          0          0          0          0          0   libinit.o
         2          0          0          0          0          0   libinit2.o
         2          0          0          0          0          0   libshutdown.o
         2          0          0          0          0          0   libshutdown2.o
         8          4          0          0         96         68   libspace.o
         0          0          0          0          0          0   rtentry.o
        12          0          0          0          0          0   rtentry2.o
         6          0          0          0          0          0   rtentry4.o
         2          0          0          0          0          0   rtexit.o
        10          0          0          0          0          0   rtexit2.o
        12          4          0          0          0         68   sys_exit.o
        74          0          0          0          0         80   sys_stackheap_outer.o
         2          0          0          0          0         68   use_no_semi.o
       804         16          0          0          0        280   daddsub_clz.o
       688        140          0          0          0        212   ddiv.o
        90          4          0          0          0         92   dfixu.o
        46          0          0          0          0         68   dflt_clz.o
       340         12          0          0          0        104   dmul.o
       156          4          0          0          0         92   dnaninf.o
        12          0          0          0          0         68   dretinf.o
       388         76          0          0          0         96   fdiv.o
        54          4          0          0          0         84   ffix.o
        62          4          0          0          0         84   ffixu.o
       258          4          0          0          0         84   fmul.o
       140          4          0          0          0         84   fnaninf.o
        10          0          0          0          0         68   fretinf.o
         0          0          0          0          0          0   usenofp.o

    ----------------------------------------------------------------------
      3396        284          0          0         96       1992   Library Totals
         8          0          0          0          0          0   (incl. Padding)

    ----------------------------------------------------------------------

      Code (inc. data)   RO Data    RW Data    ZI Data      Debug   Library Name

       340         16          0          0         96        576   c_w.l
      3048        268          0          0          0       1416   fz_ws.l

    ----------------------------------------------------------------------
      3396        284          0          0         96       1992   Library Totals

    ----------------------------------------------------------------------

==============================================================================


      Code (inc. data)   RO Data    RW Data    ZI Data      Debug   

     31964       1626        368      12632      19040     411622   Grand Totals
     31964       1626        368       7824      19040     411622   ELF Image Totals (compressed)
     31964       1626        368       7824          0          0   ROM Totals

==============================================================================

    Total RO  Size (Code + RO Data)                32332 (  31.57kB)
    Total RW  Size (RW Data + ZI Data)             31672 (  30.93kB)
    Total ROM Size (Code + RO Data + RW Data)      40156 (  39.21kB)

==============================================================================

